Component: ARM Compiler 5.06 update 7 (build 960) Tool: armlink [4d3601]

==============================================================================

Section Cross References

    startup_stm32f407xx.o(STACK) refers (Special) to heapauxi.o(.text) for __use_two_region_memory
    startup_stm32f407xx.o(HEAP) refers (Special) to heapauxi.o(.text) for __use_two_region_memory
    startup_stm32f407xx.o(RESET) refers (Special) to heapauxi.o(.text) for __use_two_region_memory
    startup_stm32f407xx.o(RESET) refers to startup_stm32f407xx.o(STACK) for __initial_sp
    startup_stm32f407xx.o(RESET) refers to startup_stm32f407xx.o(.text) for Reset_Handler
    startup_stm32f407xx.o(RESET) refers to stm32f4xx_it.o(i.NMI_Handler) for NMI_Handler
    startup_stm32f407xx.o(RESET) refers to stm32f4xx_it.o(i.HardFault_Handler) for HardFault_Handler
    startup_stm32f407xx.o(RESET) refers to stm32f4xx_it.o(i.MemManage_Handler) for MemManage_Handler
    startup_stm32f407xx.o(RESET) refers to stm32f4xx_it.o(i.BusFault_Handler) for BusFault_Handler
    startup_stm32f407xx.o(RESET) refers to stm32f4xx_it.o(i.UsageFault_Handler) for UsageFault_Handler
    startup_stm32f407xx.o(RESET) refers to stm32f4xx_it.o(i.SVC_Handler) for SVC_Handler
    startup_stm32f407xx.o(RESET) refers to stm32f4xx_it.o(i.DebugMon_Handler) for DebugMon_Handler
    startup_stm32f407xx.o(RESET) refers to stm32f4xx_it.o(i.PendSV_Handler) for PendSV_Handler
    startup_stm32f407xx.o(RESET) refers to stm32f4xx_it.o(i.SysTick_Handler) for SysTick_Handler
    startup_stm32f407xx.o(RESET) refers to usmart_port.o(i.TIM4_IRQHandler) for TIM4_IRQHandler
    startup_stm32f407xx.o(RESET) refers to usart.o(i.USART1_IRQHandler) for USART1_IRQHandler
    startup_stm32f407xx.o(RESET) refers to rs485.o(i.USART3_IRQHandler) for USART3_IRQHandler
    startup_stm32f407xx.o(.text) refers (Special) to heapauxi.o(.text) for __use_two_region_memory
    startup_stm32f407xx.o(.text) refers to system_stm32f4xx.o(i.SystemInit) for SystemInit
    startup_stm32f407xx.o(.text) refers to __main.o(!!!main) for __main
    startup_stm32f407xx.o(.text) refers to startup_stm32f407xx.o(HEAP) for Heap_Mem
    startup_stm32f407xx.o(.text) refers to startup_stm32f407xx.o(STACK) for Stack_Mem
    stm32f4xx_it.o(i.SysTick_Handler) refers to stm32f4xx_hal.o(i.HAL_IncTick) for HAL_IncTick
    system_stm32f4xx.o(i.SystemCoreClockUpdate) refers to system_stm32f4xx.o(.data) for SystemCoreClock
    system_stm32f4xx.o(i.SystemCoreClockUpdate) refers to system_stm32f4xx.o(.constdata) for AHBPrescTable
    emm.o(i.Emm_V5_En_Control) refers to rs485.o(i.rs485_send_data) for rs485_send_data
    emm.o(i.Emm_V5_Modify_Ctrl_Mode) refers to rs485.o(i.rs485_send_data) for rs485_send_data
    emm.o(i.Emm_V5_Origin_Interrupt) refers to rs485.o(i.rs485_send_data) for rs485_send_data
    emm.o(i.Emm_V5_Origin_Modify_Params) refers to rt_memclr_w.o(.text) for __aeabi_memclr4
    emm.o(i.Emm_V5_Origin_Modify_Params) refers to rs485.o(i.rs485_send_data) for rs485_send_data
    emm.o(i.Emm_V5_Origin_Set_O) refers to rs485.o(i.rs485_send_data) for rs485_send_data
    emm.o(i.Emm_V5_Origin_Trigger_Return) refers to rs485.o(i.rs485_send_data) for rs485_send_data
    emm.o(i.Emm_V5_Pos_Control) refers to rs485.o(i.rs485_send_data) for rs485_send_data
    emm.o(i.Emm_V5_Read_Sys_Params) refers to rs485.o(i.rs485_send_data) for rs485_send_data
    emm.o(i.Emm_V5_Reset_Clog_Pro) refers to rs485.o(i.rs485_send_data) for rs485_send_data
    emm.o(i.Emm_V5_Reset_CurPos_To_Zero) refers to rs485.o(i.rs485_send_data) for rs485_send_data
    emm.o(i.Emm_V5_Stop_Now) refers to rs485.o(i.rs485_send_data) for rs485_send_data
    emm.o(i.Emm_V5_Synchronous_motion) refers to rs485.o(i.rs485_send_data) for rs485_send_data
    emm.o(i.Emm_V5_Vel_Control) refers to rs485.o(i.rs485_send_data) for rs485_send_data
    main.o(i._Z12manual_set_1v) refers to main.o(i._ZN5Motor12tgt_positionEdt) for Motor::tgt_position(double, unsigned short)
    main.o(i._Z12manual_set_1v) refers to delay.o(i.delay_ms) for delay_ms
    main.o(i._Z12manual_set_1v) refers to main.o(.bss) for motor
    main.o(i._Z14displayMessagePKc) refers to _printf_pad.o(.text) for _printf_pre_padding
    main.o(i._Z14displayMessagePKc) refers to _printf_percent.o(.ARM.Collect$$_printf_percent$$00000000) for _printf_percent
    main.o(i._Z14displayMessagePKc) refers to _printf_s.o(.ARM.Collect$$_printf_percent$$00000014) for _printf_s
    main.o(i._Z14displayMessagePKc) refers to _printf_str.o(.text) for _printf_str
    main.o(i._Z14displayMessagePKc) refers to noretval__2snprintf.o(.text) for __2snprintf
    main.o(i._Z14displayMessagePKc) refers to lcd.o(i.lcd_show_string) for lcd_show_string
    main.o(i._Z18process_move_set_1v) refers to stm32f4xx_hal.o(i.HAL_GetTick) for HAL_GetTick
    main.o(i._Z18process_move_set_1v) refers to main.o(i._ZN5Motor12tgt_positionEdt) for Motor::tgt_position(double, unsigned short)
[...]
    i.sys_stm32_clock_init                   0x08007348   Section        0  sys.o(i.sys_stm32_clock_init)
    i.usart_init                             0x08007414   Section        0  usart.o(i.usart_init)
    i.usmart_cmd_rec                         0x0800744c   Section        0  usmart.o(i.usmart_cmd_rec)
    i.usmart_exe                             0x080074fc   Section        0  usmart.o(i.usmart_exe)
    i.usmart_get_aparm                       0x080077d0   Section        0  usmart_str.o(i.usmart_get_aparm)
    i.usmart_get_cmdname                     0x080078a4   Section        0  usmart_str.o(i.usmart_get_cmdname)
    i.usmart_get_fname                       0x080078dc   Section        0  usmart_str.o(i.usmart_get_fname)
    i.usmart_get_fparam                      0x08007a9c   Section        0  usmart_str.o(i.usmart_get_fparam)
    i.usmart_get_input_string                0x08007ba8   Section        0  usmart_port.o(i.usmart_get_input_string)
    i.usmart_get_parmpos                     0x08007bd0   Section        0  usmart_str.o(i.usmart_get_parmpos)
    i.usmart_init                            0x08007bf0   Section        0  usmart.o(i.usmart_init)
    i.usmart_pow                             0x08007c18   Section        0  usmart_str.o(i.usmart_pow)
    i.usmart_scan                            0x08007c30   Section        0  usmart.o(i.usmart_scan)
    i.usmart_search_nextc                    0x08007cd8   Section        0  usmart_str.o(i.usmart_search_nextc)
    i.usmart_str2num                         0x08007cee   Section        0  usmart_str.o(i.usmart_str2num)
    i.usmart_strcmp                          0x08007df4   Section        0  usmart_str.o(i.usmart_strcmp)
    i.usmart_strcopy                         0x08007e16   Section        0  usmart_str.o(i.usmart_strcopy)
    i.usmart_strlen                          0x08007e2c   Section        0  usmart_str.o(i.usmart_strlen)
    i.usmart_sys_cmd_exe                     0x08007e44   Section        0  usmart.o(i.usmart_sys_cmd_exe)
    i.usmart_timx_get_time                   0x08008538   Section        0  usmart_port.o(i.usmart_timx_get_time)
    i.usmart_timx_init                       0x0800857c   Section        0  usmart_port.o(i.usmart_timx_init)
    i.usmart_timx_reset_time                 0x080085e0   Section        0  usmart_port.o(i.usmart_timx_reset_time)
    i.write_addr                             0x08008614   Section        0  usmart.o(i.write_addr)
    x$fpl$basic                              0x08008618   Section       24  basic.o(x$fpl$basic)
    $v0                                      0x08008618   Number         0  basic.o(x$fpl$basic)
    x$fpl$dadd                               0x08008630   Section      336  daddsub_clz.o(x$fpl$dadd)
    $v0                                      0x08008630   Number         0  daddsub_clz.o(x$fpl$dadd)
    _dadd1                                   0x08008641   Thumb Code     0  daddsub_clz.o(x$fpl$dadd)
    x$fpl$dcmpinf                            0x08008780   Section       24  dcmpi.o(x$fpl$dcmpinf)
    $v0                                      0x08008780   Number         0  dcmpi.o(x$fpl$dcmpinf)
    x$fpl$ddiv                               0x08008798   Section      688  ddiv.o(x$fpl$ddiv)
    $v0                                      0x08008798   Number         0  ddiv.o(x$fpl$ddiv)
    ddiv_entry                               0x0800879f   Thumb Code     0  ddiv.o(x$fpl$ddiv)
    x$fpl$dfix                               0x08008a48   Section       94  dfix.o(x$fpl$dfix)
    $v0                                      0x08008a48   Number         0  dfix.o(x$fpl$dfix)
    x$fpl$dfixu                              0x08008aa8   Section       90  dfixu.o(x$fpl$dfixu)
    $v0                                      0x08008aa8   Number         0  dfixu.o(x$fpl$dfixu)
    x$fpl$dflt                               0x08008b02   Section       46  dflt_clz.o(x$fpl$dflt)
    $v0                                      0x08008b02   Number         0  dflt_clz.o(x$fpl$dflt)
    x$fpl$dfltu                              0x08008b30   Section       38  dflt_clz.o(x$fpl$dfltu)
    $v0                                      0x08008b30   Number         0  dflt_clz.o(x$fpl$dfltu)
    x$fpl$dleqf                              0x08008b58   Section      120  dleqf.o(x$fpl$dleqf)
    $v0                                      0x08008b58   Number         0  dleqf.o(x$fpl$dleqf)
    x$fpl$dmul                               0x08008bd0   Section      340  dmul.o(x$fpl$dmul)
    $v0                                      0x08008bd0   Number         0  dmul.o(x$fpl$dmul)
    x$fpl$dnaninf                            0x08008d24   Section      156  dnaninf.o(x$fpl$dnaninf)
    $v0                                      0x08008d24   Number         0  dnaninf.o(x$fpl$dnaninf)
    x$fpl$dretinf                            0x08008dc0   Section       12  dretinf.o(x$fpl$dretinf)
    $v0                                      0x08008dc0   Number         0  dretinf.o(x$fpl$dretinf)
    x$fpl$dsub                               0x08008dcc   Section      468  daddsub_clz.o(x$fpl$dsub)
    $v0                                      0x08008dcc   Number         0  daddsub_clz.o(x$fpl$dsub)
    _dsub1                                   0x08008ddd   Thumb Code     0  daddsub_clz.o(x$fpl$dsub)
    x$fpl$fpinit                             0x08008fa0   Section       10  fpinit.o(x$fpl$fpinit)
    $v0                                      0x08008fa0   Number         0  fpinit.o(x$fpl$fpinit)
    .constdata                               0x08008faa   Section       24  system_stm32f4xx.o(.constdata)
    x$fpl$usenofp                            0x08008faa   Section        0  usenofp.o(x$fpl$usenofp)
    .constdata                               0x08008fc2   Section    12160  lcd.o(.constdata)
    .constdata                               0x0800bf42   Section       40  _printf_hex_int.o(.constdata)
    uc_hextab                                0x0800bf42   Data          20  _printf_hex_int.o(.constdata)
    lc_hextab                                0x0800bf56   Data          20  _printf_hex_int.o(.constdata)
    .constdata                               0x0800bf6a   Section       17  __printf_flags_ss_wp.o(.constdata)
    maptable                                 0x0800bf6a   Data          17  __printf_flags_ss_wp.o(.constdata)
    .constdata__ZZN5Motor15constant_rorateEiEs 0x0800bf7b   Section        5  main.o(.constdata__ZZN5Motor15constant_rorateEiEs)
    .constdata__ZZN5Motor4initEhhhhEs        0x0800bf80   Section        5  main.o(.constdata__ZZN5Motor4initEhhhhEs)
    .constdata__ZZNK5Motor13displayStatusEiiEs 0x0800bf85   Section        7  main.o(.constdata__ZZNK5Motor13displayStatusEiiEs)
    .constdata__ZZNK5Motor13displayStatusEiiEs_0 0x0800bf8c   Section        5  main.o(.constdata__ZZNK5Motor13displayStatusEiiEs_0)
    .constdata__ZZNK5Motor13displayStatusEiiEs_1 0x0800bf91   Section        7  main.o(.constdata__ZZNK5Motor13displayStatusEiiEs_1)
    .constdata__ZZNK5Motor13displayStatusEiiEs_2 0x0800bf98   Section        4  main.o(.constdata__ZZNK5Motor13displayStatusEiiEs_2)
    .constdata__ZZNK5Motor13displayStatusEiiEs_3 0x0800bf9c   Section        5  main.o(.constdata__ZZNK5Motor13displayStatusEiiEs_3)
    .constdata__ZZNK5Motor13displayStatusEiiEs_4 0x0800bfa1   Section        9  main.o(.constdata__ZZNK5Motor13displayStatusEiiEs_4)
    .constdata__ZZNK5Motor13displayStatusEiiEs_5 0x0800bfaa   Section        9  main.o(.constdata__ZZNK5Motor13displayStatusEiiEs_5)
    .constdata__ZZNK5Motor13displayStatusEiiEs_6 0x0800bfb3   Section        8  main.o(.constdata__ZZNK5Motor13displayStatusEiiEs_6)
    .constdata__ZZNK5Motor13displayStatusEiiEs_7 0x0800bfbb   Section        4  main.o(.constdata__ZZNK5Motor13displayStatusEiiEs_7)
    .conststring                             0x0800bfc0   Section       61  main.o(.conststring)
    .conststring                             0x0800c000   Section       40  usmart.o(.conststring)
    .conststring                             0x0800c028   Section     1036  usmart_config.o(.conststring)
    .data                                    0x20000000   Section        4  system_stm32f4xx.o(.data)
    .data                                    0x20000004   Section       44  main.o(.data)
    move1_state                              0x20000004   Data           1  main.o(.data)
    move2_state                              0x20000005   Data           1  main.o(.data)
    move1_lastTick                           0x20000008   Data           4  main.o(.data)
    motorMoving                              0x2000002c   Data           4  main.o(.data)
    .data                                    0x20000030   Section        4  delay.o(.data)
    g_fac_us                                 0x20000030   Data           4  delay.o(.data)
    .data                                    0x20000034   Section        7  usart.o(.data)
    .data                                    0x2000003c   Section        9  stm32f4xx_hal.o(.data)
    .data                                    0x20000048   Section        8  lcd.o(.data)
    .data                                    0x20000050   Section        1  key.o(.data)
    key_up                                   0x20000050   Data           1  key.o(.data)
    .data                                    0x20000051   Section        1  rs485.o(.data)
    .data                                    0x20000054   Section       28  usmart.o(.data)
    .data                                    0x20000070   Section      372  usmart_config.o(.data)
    .bss                                     0x200001e8   Section      316  main.o(.bss)
    motorStartTick                           0x20000300   Data          16  main.o(.bss)
    .bss                                     0x20000324   Section      268  usart.o(.bss)
    .bss                                     0x20000430   Section       94  lcd.o(.bss)
    .bss                                     0x20000490   Section      132  rs485.o(.bss)
    .bss                                     0x20000514   Section       72  usmart_port.o(.bss)
    .bss                                     0x2000055c   Section       96  libspace.o(.bss)
    HEAP                                     0x200005c0   Section        0  startup_stm32f407xx.o(HEAP)
    STACK                                    0x200005c0   Section     1024  startup_stm32f407xx.o(STACK)
    Heap_Mem                                 0x200005c0   Data           0  startup_stm32f407xx.o(HEAP)
    Stack_Mem                                0x200005c0   Data        1024  startup_stm32f407xx.o(STACK)
    __initial_sp                             0x200009c0   Data           0  startup_stm32f407xx.o(STACK)

    Global Symbols

    Symbol Name                              Value     Ov Type        Size  Object(Section)

    BuildAttributes$$THM_ISAv4$E$P$D$K$B$S$7EM$VFPi3$EXTD16$VFPS$VFMA$PE$A:L22UL41UL21$X:L11$S22US41US21$IEEE1$IW$USESV6$~STKCKD$USESV7$~SHL$OSPACE$ROPI$EBA8$UX$STANDARDLIB$REQ8$PRES8$EABIv2 0x00000000   Number         0  anon$$obj.o ABSOLUTE
    __ARM_use_no_argv                        0x00000000   Number         0  main.o ABSOLUTE
    _printf_flags                            0x00000000   Number         0  printf_stubs.o ABSOLUTE
    _printf_return_value                     0x00000000   Number         0  printf_stubs.o ABSOLUTE
    _printf_sizespec                         0x00000000   Number         0  printf_stubs.o ABSOLUTE
    _printf_widthprec                        0x00000000   Number         0  printf_stubs.o ABSOLUTE
    __ARM_exceptions_init                     - Undefined Weak Reference
    __alloca_initialize                       - Undefined Weak Reference
    __arm_fini_                               - Undefined Weak Reference
    __arm_preinit_                            - Undefined Weak Reference
    __cpp_initialize__aeabi_                  - Undefined Weak Reference
    __cxa_finalize                            - Undefined Weak Reference
    __rt_locale                               - Undefined Weak Reference
    __sigvec_lookup                           - Undefined Weak Reference
    _atexit_init                              - Undefined Weak Reference
    _call_atexit_fns                          - Undefined Weak Reference
    _clock_init                               - Undefined Weak Reference
    _fp_trap_init                             - Undefined Weak Reference
    _fp_trap_shutdown                         - Undefined Weak Reference
    _get_lc_collate                           - Undefined Weak Reference
    _get_lc_ctype                             - Undefined Weak Reference
    _get_lc_monetary                          - Undefined Weak Reference
    _get_lc_numeric                           - Undefined Weak Reference
    _get_lc_time                              - Undefined Weak Reference
    _getenv_init                              - Undefined Weak Reference
    _handle_redirection                       - Undefined Weak Reference
    _init_alloc                               - Undefined Weak Reference
    _init_user_alloc                          - Undefined Weak Reference
    _initio                                   - Undefined Weak Reference
    _mutex_acquire                            - Undefined Weak Reference
    _mutex_release                            - Undefined Weak Reference
    _printf_mbtowc                            - Undefined Weak Reference
    _printf_truncate_signed                   - Undefined Weak Reference
    _printf_truncate_unsigned                 - Undefined Weak Reference
    _rand_init                                - Undefined Weak Reference
    _signal_finish                            - Undefined Weak Reference
    _signal_init                              - Undefined Weak Reference
    _terminate_alloc                          - Undefined Weak Reference
    _terminate_user_alloc                     - Undefined Weak Reference
    _terminateio                              - Undefined Weak Reference
    __Vectors_Size                           0x00000188   Number         0  startup_stm32f407xx.o ABSOLUTE
    __Vectors                                0x08000000   Data           4  startup_stm32f407xx.o(RESET)
    __Vectors_End                            0x08000188   Data           0  startup_stm32f407xx.o(RESET)
    __main                                   0x08000189   Thumb Code     8  __main.o(!!!main)
    __scatterload                            0x08000191   Thumb Code     0  __scatter.o(!!!scatter)
    __scatterload_rt2                        0x08000191   Thumb Code    44  __scatter.o(!!!scatter)
    __scatterload_rt2_thumb_only             0x08000191   Thumb Code     0  __scatter.o(!!!scatter)
    __scatterload_null                       0x0800019f   Thumb Code     0  __scatter.o(!!!scatter)
    __decompress                             0x080001c5   Thumb Code    90  __dczerorl2.o(!!dczerorl2)
    __decompress1                            0x080001c5   Thumb Code     0  __dczerorl2.o(!!dczerorl2)
    __scatterload_zeroinit                   0x08000221   Thumb Code    28  __scatter_zi.o(!!handler_zi)
    _printf_d                                0x0800023d   Thumb Code     0  _printf_d.o(.ARM.Collect$$_printf_percent$$00000009)
    _printf_percent                          0x0800023d   Thumb Code     0  _printf_percent.o(.ARM.Collect$$_printf_percent$$00000000)
    _printf_u                                0x08000243   Thumb Code     0  _printf_u.o(.ARM.Collect$$_printf_percent$$0000000A)
    _printf_x                                0x08000249   Thumb Code     0  _printf_x.o(.ARM.Collect$$_printf_percent$$0000000C)
    _printf_c                                0x0800024f   Thumb Code     0  _printf_c.o(.ARM.Collect$$_printf_percent$$00000013)
    _printf_s                                0x08000255   Thumb Code     0  _printf_s.o(.ARM.Collect$$_printf_percent$$00000014)
    _printf_percent_end                      0x0800025b   Thumb Code     0  _printf_percent_end.o(.ARM.Collect$$_printf_percent$$00000017)
    __rt_lib_init                            0x0800025f   Thumb Code     0  libinit.o(.ARM.Collect$$libinit$$00000000)
    __rt_lib_init_fp_1                       0x08000261   Thumb Code     0  libinit2.o(.ARM.Collect$$libinit$$00000001)
    __rt_lib_init_alloca_1                   0x08000265   Thumb Code     0  libinit2.o(.ARM.Collect$$libinit$$0000002E)
    __rt_lib_init_argv_1                     0x08000265   Thumb Code     0  libinit2.o(.ARM.Collect$$libinit$$0000002C)
    __rt_lib_init_atexit_1                   0x08000265   Thumb Code     0  libinit2.o(.ARM.Collect$$libinit$$0000001B)
    __rt_lib_init_clock_1                    0x08000265   Thumb Code     0  libinit2.o(.ARM.Collect$$libinit$$00000021)
    __rt_lib_init_cpp_1                      0x08000265   Thumb Code     0  libinit2.o(.ARM.Collect$$libinit$$00000032)
    __rt_lib_init_exceptions_1               0x08000265   Thumb Code     0  libinit2.o(.ARM.Collect$$libinit$$00000030)
    __rt_lib_init_fp_trap_1                  0x08000265   Thumb Code     0  libinit2.o(.ARM.Collect$$libinit$$0000001F)
    __rt_lib_init_getenv_1                   0x08000265   Thumb Code     0  libinit2.o(.ARM.Collect$$libinit$$00000023)
    __rt_lib_init_heap_1                     0x08000265   Thumb Code     0  libinit2.o(.ARM.Collect$$libinit$$0000000A)
    __rt_lib_init_lc_collate_1               0x08000265   Thumb Code     0  libinit2.o(.ARM.Collect$$libinit$$00000011)
    __rt_lib_init_lc_ctype_1                 0x08000265   Thumb Code     0  libinit2.o(.ARM.Collect$$libinit$$00000013)
    __rt_lib_init_lc_monetary_1              0x08000265   Thumb Code     0  libinit2.o(.ARM.Collect$$libinit$$00000015)
    __rt_lib_init_lc_numeric_1               0x08000265   Thumb Code     0  libinit2.o(.ARM.Collect$$libinit$$00000017)
    __rt_lib_init_lc_time_1                  0x08000265   Thumb Code     0  libinit2.o(.ARM.Collect$$libinit$$00000019)
    __rt_lib_init_preinit_1                  0x08000265   Thumb Code     0  libinit2.o(.ARM.Collect$$libinit$$00000004)
    __rt_lib_init_rand_1                     0x08000265   Thumb Code     0  libinit2.o(.ARM.Collect$$libinit$$0000000E)
    __rt_lib_init_return                     0x08000265   Thumb Code     0  libinit2.o(.ARM.Collect$$libinit$$00000033)
    __rt_lib_init_signal_1                   0x08000265   Thumb Code     0  libinit2.o(.ARM.Collect$$libinit$$0000001D)
    __rt_lib_init_stdio_1                    0x08000265   Thumb Code     0  libinit2.o(.ARM.Collect$$libinit$$00000025)
    __rt_lib_init_user_alloc_1               0x08000265   Thumb Code     0  libinit2.o(.ARM.Collect$$libinit$$0000000C)
    __rt_lib_shutdown                        0x08000267   Thumb Code     0  libshutdown.o(.ARM.Collect$$libshutdown$$00000000)
    __rt_lib_shutdown_cpp_1                  0x08000269   Thumb Code     0  libshutdown2.o(.ARM.Collect$$libshutdown$$00000004)
    __rt_lib_shutdown_fini_1                 0x08000269   Thumb Code     0  libshutdown2.o(.ARM.Collect$$libshutdown$$00000002)
    __rt_lib_shutdown_fp_trap_1              0x08000269   Thumb Code     0  libshutdown2.o(.ARM.Collect$$libshutdown$$00000009)
    __rt_lib_shutdown_heap_1                 0x08000269   Thumb Code     0  libshutdown2.o(.ARM.Collect$$libshutdown$$00000011)
    __rt_lib_shutdown_return                 0x08000269   Thumb Code     0  libshutdown2.o(.ARM.Collect$$libshutdown$$00000012)
    __rt_lib_shutdown_signal_1               0x08000269   Thumb Code     0  libshutdown2.o(.ARM.Collect$$libshutdown$$0000000C)
    __rt_lib_shutdown_stdio_1                0x08000269   Thumb Code     0  libshutdown2.o(.ARM.Collect$$libshutdown$$00000006)
    __rt_lib_shutdown_user_alloc_1           0x08000269   Thumb Code     0  libshutdown2.o(.ARM.Collect$$libshutdown$$0000000E)
    __rt_entry                               0x0800026b   Thumb Code     0  __rtentry.o(.ARM.Collect$$rtentry$$00000000)
    __rt_entry_presh_1                       0x0800026b   Thumb Code     0  __rtentry2.o(.ARM.Collect$$rtentry$$00000002)
    __rt_entry_sh                            0x0800026b   Thumb Code     0  __rtentry4.o(.ARM.Collect$$rtentry$$00000004)
    __rt_entry_li                            0x08000271   Thumb Code     0  __rtentry2.o(.ARM.Collect$$rtentry$$0000000A)
    __rt_entry_postsh_1                      0x08000271   Thumb Code     0  __rtentry2.o(.ARM.Collect$$rtentry$$00000009)
    __rt_entry_main                          0x08000275   Thumb Code     0  __rtentry2.o(.ARM.Collect$$rtentry$$0000000D)
    __rt_entry_postli_1                      0x08000275   Thumb Code     0  __rtentry2.o(.ARM.Collect$$rtentry$$0000000C)
    __rt_exit                                0x0800027d   Thumb Code     0  rtexit.o(.ARM.Collect$$rtexit$$00000000)
    __rt_exit_ls                             0x0800027f   Thumb Code     0  rtexit2.o(.ARM.Collect$$rtexit$$00000003)
    __rt_exit_prels_1                        0x0800027f   Thumb Code     0  rtexit2.o(.ARM.Collect$$rtexit$$00000002)
    __rt_exit_exit                           0x08000283   Thumb Code     0  rtexit2.o(.ARM.Collect$$rtexit$$00000004)
    Reset_Handler                            0x08000289   Thumb Code    18  startup_stm32f407xx.o(.text)
    ADC_IRQHandler                           0x080002ad   Thumb Code     0  startup_stm32f407xx.o(.text)
    CAN1_RX0_IRQHandler                      0x080002ad   Thumb Code     0  startup_stm32f407xx.o(.text)
    CAN1_RX1_IRQHandler                      0x080002ad   Thumb Code     0  startup_stm32f407xx.o(.text)
    CAN1_SCE_IRQHandler                      0x080002ad   Thumb Code     0  startup_stm32f407xx.o(.text)
    CAN1_TX_IRQHandler                       0x080002ad   Thumb Code     0  startup_stm32f407xx.o(.text)
    CAN2_RX0_IRQHandler                      0x080002ad   Thumb Code     0  startup_stm32f407xx.o(.text)
    CAN2_RX1_IRQHandler                      0x080002ad   Thumb Code     0  startup_stm32f407xx.o(.text)
    CAN2_SCE_IRQHandler                      0x080002ad   Thumb Code     0  startup_stm32f407xx.o(.text)
    CAN2_TX_IRQHandler                       0x080002ad   Thumb Code     0  startup_stm32f407xx.o(.text)
    DCMI_IRQHandler                          0x080002ad   Thumb Code     0  startup_stm32f407xx.o(.text)
    DMA1_Stream0_IRQHandler                  0x080002ad   Thumb Code     0  startup_stm32f407xx.o(.text)
    DMA1_Stream1_IRQHandler                  0x080002ad   Thumb Code     0  startup_stm32f407xx.o(.text)
    DMA1_Stream2_IRQHandler                  0x080002ad   Thumb Code     0  startup_stm32f407xx.o(.text)
    DMA1_Stream3_IRQHandler                  0x080002ad   Thumb Code     0  startup_stm32f407xx.o(.text)
    DMA1_Stream4_IRQHandler                  0x080002ad   Thumb Code     0  startup_stm32f407xx.o(.text)
    DMA1_Stream5_IRQHandler                  0x080002ad   Thumb Code     0  startup_stm32f407xx.o(.text)
    DMA1_Stream6_IRQHandler                  0x080002ad   Thumb Code     0  startup_stm32f407xx.o(.text)
    DMA1_Stream7_IRQHandler                  0x080002ad   Thumb Code     0  startup_stm32f407xx.o(.text)
    DMA2_Stream0_IRQHandler                  0x080002ad   Thumb Code     0  startup_stm32f407xx.o(.text)
    DMA2_Stream1_IRQHandler                  0x080002ad   Thumb Code     0  startup_stm32f407xx.o(.text)
    DMA2_Stream2_IRQHandler                  0x080002ad   Thumb Code     0  startup_stm32f407xx.o(.text)
    DMA2_Stream3_IRQHandler                  0x080002ad   Thumb Code     0  startup_stm32f407xx.o(.text)
    DMA2_Stream4_IRQHandler                  0x080002ad   Thumb Code     0  startup_stm32f407xx.o(.text)
    DMA2_Stream5_IRQHandler                  0x080002ad   Thumb Code     0  startup_stm32f407xx.o(.text)
    DMA2_Stream6_IRQHandler                  0x080002ad   Thumb Code     0  startup_stm32f407xx.o(.text)
    DMA2_Stream7_IRQHandler                  0x080002ad   Thumb Code     0  startup_stm32f407xx.o(.text)
    ETH_IRQHandler                           0x080002ad   Thumb Code     0  startup_stm32f407xx.o(.text)
    ETH_WKUP_IRQHandler                      0x080002ad   Thumb Code     0  startup_stm32f407xx.o(.text)
    EXTI0_IRQHandler                         0x080002ad   Thumb Code     0  startup_stm32f407xx.o(.text)
    EXTI15_10_IRQHandler                     0x080002ad   Thumb Code     0  startup_stm32f407xx.o(.text)
    EXTI1_IRQHandler                         0x080002ad   Thumb Code     0  startup_stm32f407xx.o(.text)
    EXTI2_IRQHandler                         0x080002ad   Thumb Code     0  startup_stm32f407xx.o(.text)
    EXTI3_IRQHandler                         0x080002ad   Thumb Code     0  startup_stm32f407xx.o(.text)
    EXTI4_IRQHandler                         0x080002ad   Thumb Code     0  startup_stm32f407xx.o(.text)
    EXTI9_5_IRQHandler                       0x080002ad   Thumb Code     0  startup_stm32f407xx.o(.text)
    FLASH_IRQHandler                         0x080002ad   Thumb Code     0  startup_stm32f407xx.o(.text)
    FMC_IRQHandler                           0x080002ad   Thumb Code     0  startup_stm32f407xx.o(.text)
    FPU_IRQHandler                           0x080002ad   Thumb Code     0  startup_stm32f407xx.o(.text)
    HASH_RNG_IRQHandler                      0x080002ad   Thumb Code     0  startup_stm32f407xx.o(.text)
    I2C1_ER_IRQHandler                       0x080002ad   Thumb Code     0  startup_stm32f407xx.o(.text)
    I2C1_EV_IRQHandler                       0x080002ad   Thumb Code     0  startup_stm32f407xx.o(.text)
    I2C2_ER_IRQHandler                       0x080002ad   Thumb Code     0  startup_stm32f407xx.o(.text)
    I2C2_EV_IRQHandler                       0x080002ad   Thumb Code     0  startup_stm32f407xx.o(.text)
    I2C3_ER_IRQHandler                       0x080002ad   Thumb Code     0  startup_stm32f407xx.o(.text)
    I2C3_EV_IRQHandler                       0x080002ad   Thumb Code     0  startup_stm32f407xx.o(.text)
    OTG_FS_IRQHandler                        0x080002ad   Thumb Code     0  startup_stm32f407xx.o(.text)
    OTG_FS_WKUP_IRQHandler                   0x080002ad   Thumb Code     0  startup_stm32f407xx.o(.text)
    OTG_HS_EP1_IN_IRQHandler                 0x080002ad   Thumb Code     0  startup_stm32f407xx.o(.text)
    OTG_HS_EP1_OUT_IRQHandler                0x080002ad   Thumb Code     0  startup_stm32f407xx.o(.text)
    OTG_HS_IRQHandler                        0x080002ad   Thumb Code     0  startup_stm32f407xx.o(.text)
    OTG_HS_WKUP_IRQHandler                   0x080002ad   Thumb Code     0  startup_stm32f407xx.o(.text)
    PVD_IRQHandler                           0x080002ad   Thumb Code     0  startup_stm32f407xx.o(.text)
    RCC_IRQHandler                           0x080002ad   Thumb Code     0  startup_stm32f407xx.o(.text)
    RTC_Alarm_IRQHandler                     0x080002ad   Thumb Code     0  startup_stm32f407xx.o(.text)
    RTC_WKUP_IRQHandler                      0x080002ad   Thumb Code     0  startup_stm32f407xx.o(.text)
    SDIO_IRQHandler                          0x080002ad   Thumb Code     0  startup_stm32f407xx.o(.text)
    SPI1_IRQHandler                          0x080002ad   Thumb Code     0  startup_stm32f407xx.o(.text)
    SPI2_IRQHandler                          0x080002ad   Thumb Code     0  startup_stm32f407xx.o(.text)
    SPI3_IRQHandler                          0x080002ad   Thumb Code     0  startup_stm32f407xx.o(.text)
    TAMP_STAMP_IRQHandler                    0x080002ad   Thumb Code     0  startup_stm32f407xx.o(.text)
    TIM1_BRK_TIM9_IRQHandler                 0x080002ad   Thumb Code     0  startup_stm32f407xx.o(.text)
    TIM1_CC_IRQHandler                       0x080002ad   Thumb Code     0  startup_stm32f407xx.o(.text)
    TIM1_TRG_COM_TIM11_IRQHandler            0x080002ad   Thumb Code     0  startup_stm32f407xx.o(.text)
    TIM1_UP_TIM10_IRQHandler                 0x080002ad   Thumb Code     0  startup_stm32f407xx.o(.text)
    TIM2_IRQHandler                          0x080002ad   Thumb Code     0  startup_stm32f407xx.o(.text)
    TIM3_IRQHandler                          0x080002ad   Thumb Code     0  startup_stm32f407xx.o(.text)
    TIM5_IRQHandler                          0x080002ad   Thumb Code     0  startup_stm32f407xx.o(.text)
    TIM6_DAC_IRQHandler                      0x080002ad   Thumb Code     0  startup_stm32f407xx.o(.text)
    TIM7_IRQHandler                          0x080002ad   Thumb Code     0  startup_stm32f407xx.o(.text)
    TIM8_BRK_TIM12_IRQHandler                0x080002ad   Thumb Code     0  startup_stm32f407xx.o(.text)
    TIM8_CC_IRQHandler                       0x080002ad   Thumb Code     0  startup_stm32f407xx.o(.text)
    TIM8_TRG_COM_TIM14_IRQHandler            0x080002ad   Thumb Code     0  startup_stm32f407xx.o(.text)
    TIM8_UP_TIM13_IRQHandler                 0x080002ad   Thumb Code     0  startup_stm32f407xx.o(.text)
    UART4_IRQHandler                         0x080002ad   Thumb Code     0  startup_stm32f407xx.o(.text)
    UART5_IRQHandler                         0x080002ad   Thumb Code     0  startup_stm32f407xx.o(.text)
    USART2_IRQHandler                        0x080002ad   Thumb Code     0  startup_stm32f407xx.o(.text)
    USART6_IRQHandler                        0x080002ad   Thumb Code     0  startup_stm32f407xx.o(.text)
    WWDG_IRQHandler                          0x080002ad   Thumb Code     0  startup_stm32f407xx.o(.text)
    __user_initial_stackheap                 0x080002b1   Thumb Code     0  startup_stm32f407xx.o(.text)
    __use_no_semihosting                     0x080002d5   Thumb Code     2  use_no_semi_2.o(.text)
    __aeabi_uldivmod                         0x080002d7   Thumb Code     0  lludivv7m.o(.text)
    _ll_udiv                                 0x080002d7   Thumb Code   238  lludivv7m.o(.text)
    __2printf                                0x080003c5   Thumb Code    20  noretval__2printf.o(.text)
    __2snprintf                              0x080003dd   Thumb Code    48  noretval__2snprintf.o(.text)
    _printf_pre_padding                      0x08000411   Thumb Code    44  _printf_pad.o(.text)
    _printf_post_padding                     0x0800043d   Thumb Code    34  _printf_pad.o(.text)
    _printf_str                              0x0800045f   Thumb Code    82  _printf_str.o(.text)
    _printf_int_dec                          0x080004b1   Thumb Code   104  _printf_dec.o(.text)
    _printf_int_hex                          0x08000529   Thumb Code    84  _printf_hex_int.o(.text)
    _printf_longlong_hex                     0x08000529   Thumb Code     0  _printf_hex_int.o(.text)
    __printf                                 0x08000581   Thumb Code   388  __printf_flags_ss_wp.o(.text)
    __use_two_region_memory                  0x08000709   Thumb Code     2  heapauxi.o(.text)
    __rt_heap_escrow$2region                 0x0800070b   Thumb Code     2  heapauxi.o(.text)
    __rt_heap_expand$2region                 0x0800070d   Thumb Code     2  heapauxi.o(.text)
    __semihosting$guard                      0x0800070f   Thumb Code     0  use_no_semi.o(.text)
    __use_no_semihosting_swi                 0x0800070f   Thumb Code     2  use_no_semi.o(.text)
    _printf_int_common                       0x08000711   Thumb Code   178  _printf_intcommon.o(.text)
    _printf_char_common                      0x080007cf   Thumb Code    32  _printf_char_common.o(.text)
    _sputc                                   0x080007f5   Thumb Code    10  _sputc.o(.text)
    _snputc                                  0x080007ff   Thumb Code    16  _snputc.o(.text)
    _printf_cs_common                        0x0800080f   Thumb Code    20  _printf_char.o(.text)
    _printf_char                             0x08000823   Thumb Code    16  _printf_char.o(.text)
    _printf_string                           0x08000833   Thumb Code     8  _printf_char.o(.text)
    _printf_char_file                        0x0800083d   Thumb Code    32  _printf_char_file.o(.text)
    ferror                                   0x08000861   Thumb Code     8  ferror.o(.text)
    __user_setup_stackheap                   0x08000869   Thumb Code    74  sys_stackheap_outer.o(.text)
    exit                                     0x080008b3   Thumb Code    18  exit.o(.text)
    __user_libspace                          0x080008c5   Thumb Code     8  libspace.o(.text)
    __user_perproc_libspace                  0x080008c5   Thumb Code     0  libspace.o(.text)
    __user_perthread_libspace                0x080008c5   Thumb Code     0  libspace.o(.text)
    BusFault_Handler                         0x080008cd   Thumb Code     4  stm32f4xx_it.o(i.BusFault_Handler)
    DebugMon_Handler                         0x080008d1   Thumb Code     2  stm32f4xx_it.o(i.DebugMon_Handler)
    Emm_V5_Pos_Control                       0x080008d3   Thumb Code   108  emm.o(i.Emm_V5_Pos_Control)
    Emm_V5_Read_Sys_Params                   0x0800093f   Thumb Code   262  emm.o(i.Emm_V5_Read_Sys_Params)
    Emm_V5_Vel_Control                       0x08000a45   Thumb Code    78  emm.o(i.Emm_V5_Vel_Control)
    FSMC_NORSRAM_Extended_Timing_Init        0x08000a95   Thumb Code    66  stm32f4xx_ll_fsmc.o(i.FSMC_NORSRAM_Extended_Timing_Init)
    FSMC_NORSRAM_Init                        0x08000add   Thumb Code    88  stm32f4xx_ll_fsmc.o(i.FSMC_NORSRAM_Init)
    FSMC_NORSRAM_Timing_Init                 0x08000b39   Thumb Code    68  stm32f4xx_ll_fsmc.o(i.FSMC_NORSRAM_Timing_Init)
    HAL_DMA_Abort                            0x08000b7d   Thumb Code   170  stm32f4xx_hal_dma.o(i.HAL_DMA_Abort)
    HAL_DMA_Abort_IT                         0x08000c27   Thumb Code    40  stm32f4xx_hal_dma.o(i.HAL_DMA_Abort_IT)
    HAL_Delay                                0x08000c4f   Thumb Code    12  delay.o(i.HAL_Delay)
    HAL_GPIO_Init                            0x08000c5d   Thumb Code   470  stm32f4xx_hal_gpio.o(i.HAL_GPIO_Init)
    HAL_GPIO_ReadPin                         0x08000e61   Thumb Code    16  stm32f4xx_hal_gpio.o(i.HAL_GPIO_ReadPin)
    HAL_GPIO_TogglePin                       0x08000e71   Thumb Code    20  stm32f4xx_hal_gpio.o(i.HAL_GPIO_TogglePin)
    HAL_GPIO_WritePin                        0x08000e85   Thumb Code    12  stm32f4xx_hal_gpio.o(i.HAL_GPIO_WritePin)
    HAL_GetREVID                             0x08000e91   Thumb Code     8  stm32f4xx_hal.o(i.HAL_GetREVID)
    HAL_GetTick                              0x08000e9d   Thumb Code     6  stm32f4xx_hal.o(i.HAL_GetTick)
    HAL_IncTick                              0x08000ea9   Thumb Code    16  stm32f4xx_hal.o(i.HAL_IncTick)
    HAL_Init                                 0x08000ec1   Thumb Code    44  stm32f4xx_hal.o(i.HAL_Init)
    HAL_InitTick                             0x08000ef1   Thumb Code    64  stm32f4xx_hal.o(i.HAL_InitTick)
    HAL_MspInit                              0x08000f3d   Thumb Code     2  stm32f4xx_hal.o(i.HAL_MspInit)
    HAL_NVIC_EnableIRQ                       0x08000f3f   Thumb Code    32  stm32f4xx_hal_cortex.o(i.HAL_NVIC_EnableIRQ)
    HAL_NVIC_SetPriority                     0x08000f5f   Thumb Code   124  stm32f4xx_hal_cortex.o(i.HAL_NVIC_SetPriority)
    HAL_NVIC_SetPriorityGrouping             0x08000fdd   Thumb Code    32  stm32f4xx_hal_cortex.o(i.HAL_NVIC_SetPriorityGrouping)
    HAL_RCC_ClockConfig                      0x08001005   Thumb Code   368  stm32f4xx_hal_rcc.o(i.HAL_RCC_ClockConfig)
    HAL_RCC_GetHCLKFreq                      0x08001189   Thumb Code     6  stm32f4xx_hal_rcc.o(i.HAL_RCC_GetHCLKFreq)
    HAL_RCC_GetPCLK1Freq                     0x08001195   Thumb Code    22  stm32f4xx_hal_rcc.o(i.HAL_RCC_GetPCLK1Freq)
    HAL_RCC_GetPCLK2Freq                     0x080011b5   Thumb Code    22  stm32f4xx_hal_rcc.o(i.HAL_RCC_GetPCLK2Freq)
    HAL_RCC_GetSysClockFreq                  0x080011d5   Thumb Code   162  stm32f4xx_hal_rcc.o(i.HAL_RCC_GetSysClockFreq)
    HAL_RCC_OscConfig                        0x08001285   Thumb Code  1172  stm32f4xx_hal_rcc.o(i.HAL_RCC_OscConfig)
    HAL_SRAM_Init                            0x08001721   Thumb Code    88  stm32f4xx_hal_sram.o(i.HAL_SRAM_Init)
    HAL_SRAM_MspInit                         0x08001779   Thumb Code   152  lcd.o(i.HAL_SRAM_MspInit)
    HAL_SYSTICK_Config                       0x0800181d   Thumb Code    52  stm32f4xx_hal_cortex.o(i.HAL_SYSTICK_Config)
    HAL_TIM_Base_Init                        0x08001851   Thumb Code   102  stm32f4xx_hal_tim.o(i.HAL_TIM_Base_Init)
    HAL_TIM_Base_MspInit                     0x080018b7   Thumb Code     2  stm32f4xx_hal_tim.o(i.HAL_TIM_Base_MspInit)
    HAL_TIM_Base_Start_IT                    0x080018b9   Thumb Code   138  stm32f4xx_hal_tim.o(i.HAL_TIM_Base_Start_IT)
    HAL_UARTEx_RxEventCallback               0x08001961   Thumb Code     2  stm32f4xx_hal_uart.o(i.HAL_UARTEx_RxEventCallback)
    HAL_UART_ErrorCallback                   0x08001963   Thumb Code     2  stm32f4xx_hal_uart.o(i.HAL_UART_ErrorCallback)
    HAL_UART_IRQHandler                      0x08001965   Thumb Code   586  stm32f4xx_hal_uart.o(i.HAL_UART_IRQHandler)
    HAL_UART_Init                            0x08001bb5   Thumb Code   114  stm32f4xx_hal_uart.o(i.HAL_UART_Init)
    HAL_UART_MspInit                         0x08001c29   Thumb Code   188  usart.o(i.HAL_UART_MspInit)
    HAL_UART_Receive                         0x08001cf1   Thumb Code   220  stm32f4xx_hal_uart.o(i.HAL_UART_Receive)
    HAL_UART_Receive_IT                      0x08001dcd   Thumb Code    66  stm32f4xx_hal_uart.o(i.HAL_UART_Receive_IT)
    HAL_UART_RxCpltCallback                  0x08001e11   Thumb Code   134  usart.o(i.HAL_UART_RxCpltCallback)
    HAL_UART_Transmit                        0x08001ead   Thumb Code   210  stm32f4xx_hal_uart.o(i.HAL_UART_Transmit)
    HAL_UART_TxCpltCallback                  0x08001f7f   Thumb Code     2  stm32f4xx_hal_uart.o(i.HAL_UART_TxCpltCallback)
    HardFault_Handler                        0x08001f81   Thumb Code     4  stm32f4xx_it.o(i.HardFault_Handler)
    MemManage_Handler                        0x08001f85   Thumb Code     4  stm32f4xx_it.o(i.MemManage_Handler)
    NMI_Handler                              0x08001f89   Thumb Code     2  stm32f4xx_it.o(i.NMI_Handler)
    PendSV_Handler                           0x08001f8b   Thumb Code     2  stm32f4xx_it.o(i.PendSV_Handler)
    SVC_Handler                              0x08001f8d   Thumb Code     2  stm32f4xx_it.o(i.SVC_Handler)
    SysTick_Handler                          0x08001f8f   Thumb Code     8  stm32f4xx_it.o(i.SysTick_Handler)
    SystemInit                               0x08001f99   Thumb Code    14  system_stm32f4xx.o(i.SystemInit)
    TIM4_IRQHandler                          0x08001fad   Thumb Code    58  usmart_port.o(i.TIM4_IRQHandler)
    TIM_Base_SetConfig                       0x08001ff1   Thumb Code   170  stm32f4xx_hal_tim.o(i.TIM_Base_SetConfig)
    UART_Start_Receive_IT                    0x0800241d   Thumb Code    70  stm32f4xx_hal_uart.o(i.UART_Start_Receive_IT)
    USART1_IRQHandler                        0x08002531   Thumb Code    10  usart.o(i.USART1_IRQHandler)
    USART3_IRQHandler                        0x08002541   Thumb Code    60  rs485.o(i.USART3_IRQHandler)
    UsageFault_Handler                       0x08002589   Thumb Code     4  stm32f4xx_it.o(i.UsageFault_Handler)
    displayMessage(const char*)              0x0800258d   Thumb Code    48  main.o(i._Z14displayMessagePKc)
    process_move_set_1()                     0x080025c5   Thumb Code  1104  main.o(i._Z18process_move_set_1v)
    process_move_set_2()                     0x08002a15   Thumb Code  1108  main.o(i._Z18process_move_set_2v)
    Translate_received_data(unsigned char*)  0x08002e69   Thumb Code   356  main.o(i._Z23Translate_received_dataPh)
    Motor::tgt_position(double, unsigned short) 0x08002fe1   Thumb Code   316  main.o(i._ZN5Motor12tgt_positionEdt)
    Motor::constant_rorate(int)              0x08003145   Thumb Code    72  main.o(i._ZN5Motor15constant_rorateEi)
    Motor::init(unsigned char, unsigned char, unsigned char, unsigned char) 0x08003191   Thumb Code    42  main.o(i._ZN5Motor4initEhhhh)
    Motor::displayStatus(int, int) const     0x080031c9   Thumb Code   344  main.o(i._ZNK5Motor13displayStatusEii)
    _is_digit                                0x0800337d   Thumb Code    14  __printf_wp.o(i._is_digit)
    _sys_exit                                0x0800338b   Thumb Code     4  usart.o(i._sys_exit)
    delay_init                               0x08003391   Thumb Code     6  delay.o(i.delay_init)
    delay_ms                                 0x0800339d   Thumb Code    18  delay.o(i.delay_ms)
    delay_us                                 0x080033b1   Thumb Code    68  delay.o(i.delay_us)
    fputc                                    0x080033f9   Thumb Code    22  usart.o(i.fputc)
    key_init                                 0x08003415   Thumb Code   184  key.o(i.key_init)
    key_scan                                 0x080034d5   Thumb Code   144  key.o(i.key_scan)
    lcd_clear                                0x0800356d   Thumb Code    42  lcd.o(i.lcd_clear)
    lcd_display_dir                          0x080035a1   Thumb Code   360  lcd.o(i.lcd_display_dir)
    lcd_draw_circle                          0x0800370d   Thumb Code   170  lcd.o(i.lcd_draw_circle)
    lcd_draw_line                            0x080037b7   Thumb Code   172  lcd.o(i.lcd_draw_line)
    lcd_draw_point                           0x08003865   Thumb Code    26  lcd.o(i.lcd_draw_point)
    lcd_draw_rectangle                       0x08003885   Thumb Code    74  lcd.o(i.lcd_draw_rectangle)
    lcd_ex_ili9341_reginit                   0x080038cf   Thumb Code   556  lcd.o(i.lcd_ex_ili9341_reginit)
    lcd_ex_ili9806_reginit                   0x08003afb   Thumb Code   832  lcd.o(i.lcd_ex_ili9806_reginit)
    lcd_ex_nt35310_reginit                   0x08003e3b   Thumb Code  3826  lcd.o(i.lcd_ex_nt35310_reginit)
    lcd_ex_nt35510_reginit                   0x08004d2d   Thumb Code  3836  lcd.o(i.lcd_ex_nt35510_reginit)
    lcd_ex_ssd1963_reginit                   0x08005c29   Thumb Code   366  lcd.o(i.lcd_ex_ssd1963_reginit)
    lcd_ex_st7789_reginit                    0x08005d97   Thumb Code   424  lcd.o(i.lcd_ex_st7789_reginit)
    lcd_ex_st7796_reginit                    0x08005f3f   Thumb Code   454  lcd.o(i.lcd_ex_st7796_reginit)
    lcd_fill                                 0x08006105   Thumb Code    80  lcd.o(i.lcd_fill)
    lcd_init                                 0x08006159   Thumb Code  1278  lcd.o(i.lcd_init)
    lcd_read_point                           0x080066a1   Thumb Code   148  lcd.o(i.lcd_read_point)
    lcd_scan_dir                             0x08006739   Thumb Code   568  lcd.o(i.lcd_scan_dir)
    lcd_set_cursor                           0x08006975   Thumb Code   282  lcd.o(i.lcd_set_cursor)
    lcd_show_char                            0x08006a95   Thumb Code   294  lcd.o(i.lcd_show_char)
    lcd_show_num                             0x08006bd5   Thumb Code   152  lcd.o(i.lcd_show_num)
    lcd_show_string                          0x08006c6d   Thumb Code   106  lcd.o(i.lcd_show_string)
    lcd_show_xnum                            0x08006cd7   Thumb Code   198  lcd.o(i.lcd_show_xnum)
    lcd_ssd_backlight_set                    0x08006d9d   Thumb Code    88  lcd.o(i.lcd_ssd_backlight_set)
    lcd_wr_data                              0x08006dfd   Thumb Code    18  lcd.o(i.lcd_wr_data)
    lcd_wr_regno                             0x08006e15   Thumb Code    18  lcd.o(i.lcd_wr_regno)
    lcd_write_ram_prepare                    0x08006e2d   Thumb Code    10  lcd.o(i.lcd_write_ram_prepare)
    lcd_write_reg                            0x08006e41   Thumb Code    10  lcd.o(i.lcd_write_reg)
    led_init                                 0x08006e51   Thumb Code   138  led.o(i.led_init)
    main                                     0x08006ee5   Thumb Code   568  main.o(i.main)
    read_addr                                0x080071d1   Thumb Code     6  usmart.o(i.read_addr)
    rs485_init                               0x080071d9   Thumb Code   238  rs485.o(i.rs485_init)
    rs485_receive_data                       0x080072d9   Thumb Code    68  rs485.o(i.rs485_receive_data)
    rs485_send_data                          0x08007325   Thumb Code    28  rs485.o(i.rs485_send_data)
    sys_stm32_clock_init                     0x08007349   Thumb Code   192  sys.o(i.sys_stm32_clock_init)
    usart_init                               0x08007415   Thumb Code    44  usart.o(i.usart_init)
    usmart_cmd_rec                           0x0800744d   Thumb Code   170  usmart.o(i.usmart_cmd_rec)
    usmart_exe                               0x080074fd   Thumb Code   632  usmart.o(i.usmart_exe)
    usmart_get_aparm                         0x080077d1   Thumb Code   212  usmart_str.o(i.usmart_get_aparm)
    usmart_get_cmdname                       0x080078a5   Thumb Code    54  usmart_str.o(i.usmart_get_cmdname)
    usmart_get_fname                         0x080078dd   Thumb Code   440  usmart_str.o(i.usmart_get_fname)
    usmart_get_fparam                        0x08007a9d   Thumb Code   262  usmart_str.o(i.usmart_get_fparam)
    usmart_get_input_string                  0x08007ba9   Thumb Code    30  usmart_port.o(i.usmart_get_input_string)
    usmart_get_parmpos                       0x08007bd1   Thumb Code    26  usmart_str.o(i.usmart_get_parmpos)
    usmart_init                              0x08007bf1   Thumb Code    36  usmart.o(i.usmart_init)
    usmart_pow                               0x08007c19   Thumb Code    22  usmart_str.o(i.usmart_pow)
    usmart_scan                              0x08007c31   Thumb Code   106  usmart.o(i.usmart_scan)
    usmart_search_nextc                      0x08007cd9   Thumb Code    22  usmart_str.o(i.usmart_search_nextc)
    usmart_str2num                           0x08007cef   Thumb Code   262  usmart_str.o(i.usmart_str2num)
    usmart_strcmp                            0x08007df5   Thumb Code    34  usmart_str.o(i.usmart_strcmp)
    usmart_strcopy                           0x08007e17   Thumb Code    22  usmart_str.o(i.usmart_strcopy)
    usmart_strlen                            0x08007e2d   Thumb Code    24  usmart_str.o(i.usmart_strlen)
    usmart_sys_cmd_exe                       0x08007e45   Thumb Code  1570  usmart.o(i.usmart_sys_cmd_exe)
    usmart_timx_get_time                     0x08008539   Thumb Code    58  usmart_port.o(i.usmart_timx_get_time)
    usmart_timx_init                         0x0800857d   Thumb Code    88  usmart_port.o(i.usmart_timx_init)
    usmart_timx_reset_time                   0x080085e1   Thumb Code    44  usmart_port.o(i.usmart_timx_reset_time)
    write_addr                               0x08008615   Thumb Code     4  usmart.o(i.write_addr)
    __aeabi_dneg                             0x08008619   Thumb Code     0  basic.o(x$fpl$basic)
    _dneg                                    0x08008619   Thumb Code     6  basic.o(x$fpl$basic)
    __aeabi_fneg                             0x0800861f   Thumb Code     0  basic.o(x$fpl$basic)
    _fneg                                    0x0800861f   Thumb Code     6  basic.o(x$fpl$basic)
    _dabs                                    0x08008625   Thumb Code     6  basic.o(x$fpl$basic)
    _fabs                                    0x0800862b   Thumb Code     6  basic.o(x$fpl$basic)
    __aeabi_dadd                             0x08008631   Thumb Code     0  daddsub_clz.o(x$fpl$dadd)
    _dadd                                    0x08008631   Thumb Code   332  daddsub_clz.o(x$fpl$dadd)
    __fpl_dcmp_Inf                           0x08008781   Thumb Code    24  dcmpi.o(x$fpl$dcmpinf)
    __aeabi_ddiv                             0x08008799   Thumb Code     0  ddiv.o(x$fpl$ddiv)
    _ddiv                                    0x08008799   Thumb Code   552  ddiv.o(x$fpl$ddiv)
    __aeabi_d2iz                             0x08008a49   Thumb Code     0  dfix.o(x$fpl$dfix)
    _dfix                                    0x08008a49   Thumb Code    94  dfix.o(x$fpl$dfix)
    __aeabi_d2uiz                            0x08008aa9   Thumb Code     0  dfixu.o(x$fpl$dfixu)
    _dfixu                                   0x08008aa9   Thumb Code    90  dfixu.o(x$fpl$dfixu)
    __aeabi_i2d                              0x08008b03   Thumb Code     0  dflt_clz.o(x$fpl$dflt)
    _dflt                                    0x08008b03   Thumb Code    46  dflt_clz.o(x$fpl$dflt)
    __aeabi_ui2d                             0x08008b31   Thumb Code     0  dflt_clz.o(x$fpl$dfltu)
    _dfltu                                   0x08008b31   Thumb Code    38  dflt_clz.o(x$fpl$dfltu)
    __aeabi_cdcmple                          0x08008b59   Thumb Code     0  dleqf.o(x$fpl$dleqf)
    _dcmple                                  0x08008b59   Thumb Code   120  dleqf.o(x$fpl$dleqf)
    __fpl_dcmple_InfNaN                      0x08008bbb   Thumb Code     0  dleqf.o(x$fpl$dleqf)
    __aeabi_dmul                             0x08008bd1   Thumb Code     0  dmul.o(x$fpl$dmul)
    _dmul                                    0x08008bd1   Thumb Code   332  dmul.o(x$fpl$dmul)
    __fpl_dnaninf                            0x08008d25   Thumb Code   156  dnaninf.o(x$fpl$dnaninf)
    __fpl_dretinf                            0x08008dc1   Thumb Code    12  dretinf.o(x$fpl$dretinf)
    __aeabi_dsub                             0x08008dcd   Thumb Code     0  daddsub_clz.o(x$fpl$dsub)
    _dsub                                    0x08008dcd   Thumb Code   464  daddsub_clz.o(x$fpl$dsub)
    _fp_init                                 0x08008fa1   Thumb Code    10  fpinit.o(x$fpl$fpinit)
    __fplib_config_fpu_vfp                   0x08008fa9   Thumb Code     0  fpinit.o(x$fpl$fpinit)
    __fplib_config_pureend_doubles           0x08008fa9   Thumb Code     0  fpinit.o(x$fpl$fpinit)
    AHBPrescTable                            0x08008faa   Data          16  system_stm32f4xx.o(.constdata)
    __I$use$fp                               0x08008faa   Number         0  usenofp.o(x$fpl$usenofp)
    APBPrescTable                            0x08008fba   Data           8  system_stm32f4xx.o(.constdata)
    asc2_1206                                0x08008fc2   Data        1140  lcd.o(.constdata)
    asc2_1608                                0x08009436   Data        1520  lcd.o(.constdata)
    asc2_2412                                0x08009a26   Data        3420  lcd.o(.constdata)
    asc2_3216                                0x0800a782   Data        6080  lcd.o(.constdata)
    Motor::constant_rorate(int)::string      0x0800bf7b   Data           5  main.o(.constdata__ZZN5Motor15constant_rorateEiEs)
    Motor::init(unsigned char, unsigned char, unsigned char, unsigned char)::string 0x0800bf80   Data           5  main.o(.constdata__ZZN5Motor4initEhhhhEs)
    Motor::displayStatus(int, int) const::string 0x0800bf85   Data           7  main.o(.constdata__ZZNK5Motor13displayStatusEiiEs)
    Motor::displayStatus(int, int) const::string (instance 2) 0x0800bf8c   Data           5  main.o(.constdata__ZZNK5Motor13displayStatusEiiEs_0)
    Motor::displayStatus(int, int) const::string (instance 3) 0x0800bf91   Data           7  main.o(.constdata__ZZNK5Motor13displayStatusEiiEs_1)
    Motor::displayStatus(int, int) const::string (instance 4) 0x0800bf98   Data           4  main.o(.constdata__ZZNK5Motor13displayStatusEiiEs_2)
    Motor::displayStatus(int, int) const::string (instance 5) 0x0800bf9c   Data           5  main.o(.constdata__ZZNK5Motor13displayStatusEiiEs_3)
    Motor::displayStatus(int, int) const::string (instance 6) 0x0800bfa1   Data           9  main.o(.constdata__ZZNK5Motor13displayStatusEiiEs_4)
    Motor::displayStatus(int, int) const::string (instance 7) 0x0800bfaa   Data           9  main.o(.constdata__ZZNK5Motor13displayStatusEiiEs_5)
    Motor::displayStatus(int, int) const::string (instance 8) 0x0800bfb3   Data           8  main.o(.constdata__ZZNK5Motor13displayStatusEiiEs_6)
    Motor::displayStatus(int, int) const::string (instance 9) 0x0800bfbb   Data           4  main.o(.constdata__ZZNK5Motor13displayStatusEiiEs_7)
    Region$$Table$$Base                      0x0800c434   Number         0  anon$$obj.o(Region$$Table)
    Region$$Table$$Limit                     0x0800c454   Number         0  anon$$obj.o(Region$$Table)
    SystemCoreClock                          0x20000000   Data           4  system_stm32f4xx.o(.data)
    MoveState1Names                          0x2000000c   Data          32  main.o(.data)
    __stdout                                 0x20000034   Data           4  usart.o(.data)
    g_usart_rx_sta                           0x20000038   Data           2  usart.o(.data)
    g_rx_buffer                              0x2000003a   Data           1  usart.o(.data)
    uwTick                                   0x2000003c   Data           4  stm32f4xx_hal.o(.data)
    uwTickPrio                               0x20000040   Data           4  stm32f4xx_hal.o(.data)
    uwTickFreq                               0x20000044   Data           1  stm32f4xx_hal.o(.data)
    g_point_color                            0x20000048   Data           4  lcd.o(.data)
    g_back_color                             0x2000004c   Data           4  lcd.o(.data)
    g_RS485_rx_cnt                           0x20000051   Data           1  rs485.o(.data)
    sys_cmd_tab                              0x20000054   Data          28  usmart.o(.data)
    usmart_nametab                           0x20000070   Data         128  usmart_config.o(.data)
    usmart_dev                               0x200000f0   Data         244  usmart_config.o(.data)
    motor                                    0x200001e8   Data         280  main.o(.bss)
    wait_time                                0x20000310   Data          20  main.o(.bss)
    g_usart_rx_buf                           0x20000324   Data         200  usart.o(.bss)
    g_uart1_handle                           0x200003ec   Data          68  usart.o(.bss)
    g_sram_handle                            0x20000430   Data          80  lcd.o(.bss)
    lcddev                                   0x20000480   Data          14  lcd.o(.bss)
    g_rs458_handler                          0x20000490   Data          68  rs485.o(.bss)
    g_RS485_rx_buf                           0x200004d4   Data          64  rs485.o(.bss)
    g_timx_usmart_handle                     0x20000514   Data          72  usmart_port.o(.bss)
    __libspace_start                         0x2000055c   Data          96  libspace.o(.bss)
    __temporary_stack_top$libspace           0x200005bc   Data           0  libspace.o(.bss)



==============================================================================

Memory Map of the image

  Image Entry point : 0x08000189

  Load Region LR_IROM1 (Base: 0x08000000, Size: 0x0000c638, Max: 0x00100000, ABSOLUTE, COMPRESSED[0x0000c518])

    Execution Region ER_IROM1 (Exec base: 0x08000000, Load base: 0x08000000, Size: 0x0000c454, Max: 0x00100000, ABSOLUTE)

    Exec Addr    Load Addr    Size         Type   Attr      Idx    E Section Name        Object

    0x08000000   0x08000000   0x00000188   Data   RO            3    RESET               startup_stm32f407xx.o
    0x08000188   0x08000188   0x00000008   Code   RO         4413  * !!!main             c_w.l(__main.o)
    0x08000190   0x08000190   0x00000034   Code   RO         4633    !!!scatter          c_w.l(__scatter.o)
    0x080001c4   0x080001c4   0x0000005a   Code   RO         4631    !!dczerorl2         c_w.l(__dczerorl2.o)
    0x0800021e   0x0800021e   0x00000002   PAD
    0x08000220   0x08000220   0x0000001c   Code   RO         4635    !!handler_zi        c_w.l(__scatter_zi.o)
    0x0800023c   0x0800023c   0x00000000   Code   RO         4408    .ARM.Collect$$_printf_percent$$00000000  c_w.l(_printf_percent.o)
    0x0800023c   0x0800023c   0x00000006   Code   RO         4406    .ARM.Collect$$_printf_percent$$00000009  c_w.l(_printf_d.o)
    0x08000242   0x08000242   0x00000006   Code   RO         4407    .ARM.Collect$$_printf_percent$$0000000A  c_w.l(_printf_u.o)
    0x08000248   0x08000248   0x00000006   Code   RO         4405    .ARM.Collect$$_printf_percent$$0000000C  c_w.l(_printf_x.o)
    0x0800024e   0x0800024e   0x00000006   Code   RO         4403    .ARM.Collect$$_printf_percent$$00000013  c_w.l(_printf_c.o)
    0x08000254   0x08000254   0x00000006   Code   RO         4404    .ARM.Collect$$_printf_percent$$00000014  c_w.l(_printf_s.o)
    0x0800025a   0x0800025a   0x00000004   Code   RO         4464    .ARM.Collect$$_printf_percent$$00000017  c_w.l(_printf_percent_end.o)
    0x0800025e   0x0800025e   0x00000002   Code   RO         4508    .ARM.Collect$$libinit$$00000000  c_w.l(libinit.o)
    0x08000260   0x08000260   0x00000004   Code   RO         4520    .ARM.Collect$$libinit$$00000001  c_w.l(libinit2.o)
    0x08000264   0x08000264   0x00000000   Code   RO         4523    .ARM.Collect$$libinit$$00000004  c_w.l(libinit2.o)
    0x08000264   0x08000264   0x00000000   Code   RO         4526    .ARM.Collect$$libinit$$0000000A  c_w.l(libinit2.o)
    0x08000264   0x08000264   0x00000000   Code   RO         4528    .ARM.Collect$$libinit$$0000000C  c_w.l(libinit2.o)
    0x08000264   0x08000264   0x00000000   Code   RO         4530    .ARM.Collect$$libinit$$0000000E  c_w.l(libinit2.o)
    0x08000264   0x08000264   0x00000000   Code   RO         4533    .ARM.Collect$$libinit$$00000011  c_w.l(libinit2.o)
    0x08000264   0x08000264   0x00000000   Code   RO         4535    .ARM.Collect$$libinit$$00000013  c_w.l(libinit2.o)
    0x08000264   0x08000264   0x00000000   Code   RO         4537    .ARM.Collect$$libinit$$00000015  c_w.l(libinit2.o)
    0x08000264   0x08000264   0x00000000   Code   RO         4539    .ARM.Collect$$libinit$$00000017  c_w.l(libinit2.o)
    0x08000264   0x08000264   0x00000000   Code   RO         4541    .ARM.Collect$$libinit$$00000019  c_w.l(libinit2.o)
    0x08000264   0x08000264   0x00000000   Code   RO         4543    .ARM.Collect$$libinit$$0000001B  c_w.l(libinit2.o)
    0x08000264   0x08000264   0x00000000   Code   RO         4545    .ARM.Collect$$libinit$$0000001D  c_w.l(libinit2.o)
    0x08000264   0x08000264   0x00000000   Code   RO         4547    .ARM.Collect$$libinit$$0000001F  c_w.l(libinit2.o)
    0x08000264   0x08000264   0x00000000   Code   RO         4549    .ARM.Collect$$libinit$$00000021  c_w.l(libinit2.o)
    0x08000264   0x08000264   0x00000000   Code   RO         4551    .ARM.Collect$$libinit$$00000023  c_w.l(libinit2.o)
    0x08000264   0x08000264   0x00000000   Code   RO         4553    .ARM.Collect$$libinit$$00000025  c_w.l(libinit2.o)
    0x08000264   0x08000264   0x00000000   Code   RO         4557    .ARM.Collect$$libinit$$0000002C  c_w.l(libinit2.o)
    0x08000264   0x08000264   0x00000000   Code   RO         4559    .ARM.Collect$$libinit$$0000002E  c_w.l(libinit2.o)
    0x08000264   0x08000264   0x00000000   Code   RO         4561    .ARM.Collect$$libinit$$00000030  c_w.l(libinit2.o)
    0x08000264   0x08000264   0x00000000   Code   RO         4563    .ARM.Collect$$libinit$$00000032  c_w.l(libinit2.o)
    0x08000264   0x08000264   0x00000002   Code   RO         4564    .ARM.Collect$$libinit$$00000033  c_w.l(libinit2.o)
    0x08000266   0x08000266   0x00000002   Code   RO         4588    .ARM.Collect$$libshutdown$$00000000  c_w.l(libshutdown.o)
    0x08000268   0x08000268   0x00000000   Code   RO         4612    .ARM.Collect$$libshutdown$$00000002  c_w.l(libshutdown2.o)
    0x08000268   0x08000268   0x00000000   Code   RO         4614    .ARM.Collect$$libshutdown$$00000004  c_w.l(libshutdown2.o)
    0x08000268   0x08000268   0x00000000   Code   RO         4616    .ARM.Collect$$libshutdown$$00000006  c_w.l(libshutdown2.o)
    0x08000268   0x08000268   0x00000000   Code   RO         4619    .ARM.Collect$$libshutdown$$00000009  c_w.l(libshutdown2.o)
    0x08000268   0x08000268   0x00000000   Code   RO         4622    .ARM.Collect$$libshutdown$$0000000C  c_w.l(libshutdown2.o)
    0x08000268   0x08000268   0x00000000   Code   RO         4624    .ARM.Collect$$libshutdown$$0000000E  c_w.l(libshutdown2.o)
    0x08000268   0x08000268   0x00000000   Code   RO         4627    .ARM.Collect$$libshutdown$$00000011  c_w.l(libshutdown2.o)
    0x08000268   0x08000268   0x00000002   Code   RO         4628    .ARM.Collect$$libshutdown$$00000012  c_w.l(libshutdown2.o)
    0x0800026a   0x0800026a   0x00000000   Code   RO         4447    .ARM.Collect$$rtentry$$00000000  c_w.l(__rtentry.o)
    0x0800026a   0x0800026a   0x00000000   Code   RO         4473    .ARM.Collect$$rtentry$$00000002  c_w.l(__rtentry2.o)
    0x0800026a   0x0800026a   0x00000006   Code   RO         4485    .ARM.Collect$$rtentry$$00000004  c_w.l(__rtentry4.o)
    0x08000270   0x08000270   0x00000000   Code   RO         4475    .ARM.Collect$$rtentry$$00000009  c_w.l(__rtentry2.o)
    0x08000270   0x08000270   0x00000004   Code   RO         4476    .ARM.Collect$$rtentry$$0000000A  c_w.l(__rtentry2.o)
    0x08000274   0x08000274   0x00000000   Code   RO         4478    .ARM.Collect$$rtentry$$0000000C  c_w.l(__rtentry2.o)
    0x08000274   0x08000274   0x00000008   Code   RO         4479    .ARM.Collect$$rtentry$$0000000D  c_w.l(__rtentry2.o)
    0x0800027c   0x0800027c   0x00000002   Code   RO         4512    .ARM.Collect$$rtexit$$00000000  c_w.l(rtexit.o)
    0x0800027e   0x0800027e   0x00000000   Code   RO         4566    .ARM.Collect$$rtexit$$00000002  c_w.l(rtexit2.o)
    0x0800027e   0x0800027e   0x00000004   Code   RO         4567    .ARM.Collect$$rtexit$$00000003  c_w.l(rtexit2.o)
    0x08000282   0x08000282   0x00000006   Code   RO         4568    .ARM.Collect$$rtexit$$00000004  c_w.l(rtexit2.o)
    0x08000288   0x08000288   0x0000004c   Code   RO            4    .text               startup_stm32f407xx.o
    0x080002d4   0x080002d4   0x00000002   Code   RO         4342    .text               c_w.l(use_no_semi_2.o)
    0x080002d6   0x080002d6   0x000000ee   Code   RO         4344    .text               c_w.l(lludivv7m.o)
    0x080003c4   0x080003c4   0x00000018   Code   RO         4350    .text               c_w.l(noretval__2printf.o)
    0x080003dc   0x080003dc   0x00000034   Code   RO         4352    .text               c_w.l(noretval__2snprintf.o)
    0x08000410   0x08000410   0x0000004e   Code   RO         4356    .text               c_w.l(_printf_pad.o)
    0x0800045e   0x0800045e   0x00000052   Code   RO         4358    .text               c_w.l(_printf_str.o)
    0x080004b0   0x080004b0   0x00000078   Code   RO         4360    .text               c_w.l(_printf_dec.o)
    0x08000528   0x08000528   0x00000058   Code   RO         4365    .text               c_w.l(_printf_hex_int.o)
    0x08000580   0x08000580   0x00000188   Code   RO         4400    .text               c_w.l(__printf_flags_ss_wp.o)
    0x08000708   0x08000708   0x00000006   Code   RO         4411    .text               c_w.l(heapauxi.o)
    0x0800070e   0x0800070e   0x00000002   Code   RO         4445    .text               c_w.l(use_no_semi.o)
    0x08000710   0x08000710   0x000000b2   Code   RO         4452    .text               c_w.l(_printf_intcommon.o)
    0x080007c2   0x080007c2   0x00000002   PAD
    0x080007c4   0x080007c4   0x00000030   Code   RO         4454    .text               c_w.l(_printf_char_common.o)
    0x080007f4   0x080007f4   0x0000000a   Code   RO         4456    .text               c_w.l(_sputc.o)
    0x080007fe   0x080007fe   0x00000010   Code   RO         4458    .text               c_w.l(_snputc.o)
    0x0800080e   0x0800080e   0x0000002c   Code   RO         4460    .text               c_w.l(_printf_char.o)
    0x0800083a   0x0800083a   0x00000002   PAD
    0x0800083c   0x0800083c   0x00000024   Code   RO         4462    .text               c_w.l(_printf_char_file.o)
    0x08000860   0x08000860   0x00000008   Code   RO         4491    .text               c_w.l(ferror.o)
    0x08000868   0x08000868   0x0000004a   Code   RO         4495    .text               c_w.l(sys_stackheap_outer.o)
    0x080008b2   0x080008b2   0x00000012   Code   RO         4497    .text               c_w.l(exit.o)
    0x080008c4   0x080008c4   0x00000008   Code   RO         4509    .text               c_w.l(libspace.o)
    0x080008cc   0x080008cc   0x00000004   Code   RO           13    i.BusFault_Handler  stm32f4xx_it.o
    0x080008d0   0x080008d0   0x00000002   Code   RO           14    i.DebugMon_Handler  stm32f4xx_it.o
    0x080008d2   0x080008d2   0x0000006c   Code   RO          330    i.Emm_V5_Pos_Control  emm.o
    0x0800093e   0x0800093e   0x00000106   Code   RO          331    i.Emm_V5_Read_Sys_Params  emm.o
    0x08000a44   0x08000a44   0x0000004e   Code   RO          336    i.Emm_V5_Vel_Control  emm.o
    0x08000a92   0x08000a92   0x00000002   PAD
    0x08000a94   0x08000a94   0x00000048   Code   RO         2625    i.FSMC_NORSRAM_Extended_Timing_Init  stm32f4xx_ll_fsmc.o
    0x08000adc   0x08000adc   0x0000005c   Code   RO         2626    i.FSMC_NORSRAM_Init  stm32f4xx_ll_fsmc.o
    0x08000b38   0x08000b38   0x00000044   Code   RO         2627    i.FSMC_NORSRAM_Timing_Init  stm32f4xx_ll_fsmc.o
    0x08000b7c   0x08000b7c   0x000000aa   Code   RO         1324    i.HAL_DMA_Abort     stm32f4xx_hal_dma.o
    0x08000c26   0x08000c26   0x00000028   Code   RO         1325    i.HAL_DMA_Abort_IT  stm32f4xx_hal_dma.o
    0x08000c4e   0x08000c4e   0x0000000c   Code   RO          798    i.HAL_Delay         delay.o
    0x08000c5a   0x08000c5a   0x00000002   PAD
    0x08000c5c   0x08000c5c   0x00000204   Code   RO         1430    i.HAL_GPIO_Init     stm32f4xx_hal_gpio.o
    0x08000e60   0x08000e60   0x00000010   Code   RO         1432    i.HAL_GPIO_ReadPin  stm32f4xx_hal_gpio.o
    0x08000e70   0x08000e70   0x00000014   Code   RO         1433    i.HAL_GPIO_TogglePin  stm32f4xx_hal_gpio.o
    0x08000e84   0x08000e84   0x0000000c   Code   RO         1434    i.HAL_GPIO_WritePin  stm32f4xx_hal_gpio.o
    0x08000e90   0x08000e90   0x0000000c   Code   RO         1007    i.HAL_GetREVID      stm32f4xx_hal.o
    0x08000e9c   0x08000e9c   0x0000000c   Code   RO         1008    i.HAL_GetTick       stm32f4xx_hal.o
    0x08000ea8   0x08000ea8   0x00000018   Code   RO         1014    i.HAL_IncTick       stm32f4xx_hal.o
    0x08000ec0   0x08000ec0   0x00000030   Code   RO         1015    i.HAL_Init          stm32f4xx_hal.o
    0x08000ef0   0x08000ef0   0x0000004c   Code   RO         1016    i.HAL_InitTick      stm32f4xx_hal.o
    0x08000f3c   0x08000f3c   0x00000002   Code   RO         1018    i.HAL_MspInit       stm32f4xx_hal.o
    0x08000f3e   0x08000f3e   0x00000020   Code   RO         1186    i.HAL_NVIC_EnableIRQ  stm32f4xx_hal_cortex.o
    0x08000f5e   0x08000f5e   0x0000007c   Code   RO         1192    i.HAL_NVIC_SetPriority  stm32f4xx_hal_cortex.o
    0x08000fda   0x08000fda   0x00000002   PAD
    0x08000fdc   0x08000fdc   0x00000028   Code   RO         1193    i.HAL_NVIC_SetPriorityGrouping  stm32f4xx_hal_cortex.o
    0x08001004   0x08001004   0x00000184   Code   RO         1494    i.HAL_RCC_ClockConfig  stm32f4xx_hal_rcc.o
    0x08001188   0x08001188   0x0000000c   Code   RO         1499    i.HAL_RCC_GetHCLKFreq  stm32f4xx_hal_rcc.o
    0x08001194   0x08001194   0x00000020   Code   RO         1501    i.HAL_RCC_GetPCLK1Freq  stm32f4xx_hal_rcc.o
    0x080011b4   0x080011b4   0x00000020   Code   RO         1502    i.HAL_RCC_GetPCLK2Freq  stm32f4xx_hal_rcc.o
    0x080011d4   0x080011d4   0x000000b0   Code   RO         1503    i.HAL_RCC_GetSysClockFreq  stm32f4xx_hal_rcc.o
    0x08001284   0x08001284   0x0000049c   Code   RO         1506    i.HAL_RCC_OscConfig  stm32f4xx_hal_rcc.o
    0x08001720   0x08001720   0x00000058   Code   RO         2501    i.HAL_SRAM_Init     stm32f4xx_hal_sram.o
    0x08001778   0x08001778   0x000000a4   Code   RO         3754    i.HAL_SRAM_MspInit  lcd.o
    0x0800181c   0x0800181c   0x00000034   Code   RO         1197    i.HAL_SYSTICK_Config  stm32f4xx_hal_cortex.o
    0x08001850   0x08001850   0x00000066   Code   RO         3012    i.HAL_TIM_Base_Init  stm32f4xx_hal_tim.o
    0x080018b6   0x080018b6   0x00000002   Code   RO         3014    i.HAL_TIM_Base_MspInit  stm32f4xx_hal_tim.o
    0x080018b8   0x080018b8   0x000000a8   Code   RO         3017    i.HAL_TIM_Base_Start_IT  stm32f4xx_hal_tim.o
    0x08001960   0x08001960   0x00000002   Code   RO         2100    i.HAL_UARTEx_RxEventCallback  stm32f4xx_hal_uart.o
    0x08001962   0x08001962   0x00000002   Code   RO         2114    i.HAL_UART_ErrorCallback  stm32f4xx_hal_uart.o
    0x08001964   0x08001964   0x00000250   Code   RO         2117    i.HAL_UART_IRQHandler  stm32f4xx_hal_uart.o
    0x08001bb4   0x08001bb4   0x00000072   Code   RO         2118    i.HAL_UART_Init     stm32f4xx_hal_uart.o
    0x08001c26   0x08001c26   0x00000002   PAD
    0x08001c28   0x08001c28   0x000000c8   Code   RO          918    i.HAL_UART_MspInit  usart.o
    0x08001cf0   0x08001cf0   0x000000dc   Code   RO         2121    i.HAL_UART_Receive  stm32f4xx_hal_uart.o
    0x08001dcc   0x08001dcc   0x00000042   Code   RO         2123    i.HAL_UART_Receive_IT  stm32f4xx_hal_uart.o
    0x08001e0e   0x08001e0e   0x00000002   PAD
    0x08001e10   0x08001e10   0x0000009c   Code   RO          919    i.HAL_UART_RxCpltCallback  usart.o
    0x08001eac   0x08001eac   0x000000d2   Code   RO         2126    i.HAL_UART_Transmit  stm32f4xx_hal_uart.o
    0x08001f7e   0x08001f7e   0x00000002   Code   RO         2129    i.HAL_UART_TxCpltCallback  stm32f4xx_hal_uart.o
    0x08001f80   0x08001f80   0x00000004   Code   RO           15    i.HardFault_Handler  stm32f4xx_it.o
    0x08001f84   0x08001f84   0x00000004   Code   RO           16    i.MemManage_Handler  stm32f4xx_it.o
    0x08001f88   0x08001f88   0x00000002   Code   RO           17    i.NMI_Handler       stm32f4xx_it.o
    0x08001f8a   0x08001f8a   0x00000002   Code   RO           18    i.PendSV_Handler    stm32f4xx_it.o
    0x08001f8c   0x08001f8c   0x00000002   Code   RO           19    i.SVC_Handler       stm32f4xx_it.o
    0x08001f8e   0x08001f8e   0x00000008   Code   RO           20    i.SysTick_Handler   stm32f4xx_it.o
    0x08001f96   0x08001f96   0x00000002   PAD
    0x08001f98   0x08001f98   0x00000014   Code   RO          288    i.SystemInit        system_stm32f4xx.o
    0x08001fac   0x08001fac   0x00000044   Code   RO         4176    i.TIM4_IRQHandler   usmart_port.o
    0x08001ff0   0x08001ff0   0x000000d8   Code   RO         3105    i.TIM_Base_SetConfig  stm32f4xx_hal_tim.o
    0x080020c8   0x080020c8   0x00000014   Code   RO         2131    i.UART_DMAAbortOnError  stm32f4xx_hal_uart.o
    0x080020dc   0x080020dc   0x00000036   Code   RO         2141    i.UART_EndRxTransfer  stm32f4xx_hal_uart.o
    0x08002112   0x08002112   0x00000020   Code   RO         2142    i.UART_EndTransmit_IT  stm32f4xx_hal_uart.o
    0x08002132   0x08002132   0x000000be   Code   RO         2144    i.UART_Receive_IT   stm32f4xx_hal_uart.o
    0x080021f0   0x080021f0   0x0000022c   Code   RO         2145    i.UART_SetConfig    stm32f4xx_hal_uart.o
    0x0800241c   0x0800241c   0x00000046   Code   RO         2147    i.UART_Start_Receive_IT  stm32f4xx_hal_uart.o
    0x08002462   0x08002462   0x00000060   Code   RO         2148    i.UART_Transmit_IT  stm32f4xx_hal_uart.o
    0x080024c2   0x080024c2   0x0000006c   Code   RO         2149    i.UART_WaitOnFlagUntilTimeout  stm32f4xx_hal_uart.o
    0x0800252e   0x0800252e   0x00000002   PAD
    0x08002530   0x08002530   0x00000010   Code   RO          920    i.USART1_IRQHandler  usart.o
    0x08002540   0x08002540   0x00000048   Code   RO         4049    i.USART3_IRQHandler  rs485.o
    0x08002588   0x08002588   0x00000004   Code   RO           21    i.UsageFault_Handler  stm32f4xx_it.o
    0x0800258c   0x0800258c   0x00000038   Code   RO          445    i._Z14displayMessagePKc  main.o
    0x080025c4   0x080025c4   0x00000450   Code   RO          446    i._Z18process_move_set_1v  main.o
    0x08002a14   0x08002a14   0x00000454   Code   RO          447    i._Z18process_move_set_2v  main.o
    0x08002e68   0x08002e68   0x00000178   Code   RO          448    i._Z23Translate_received_dataPh  main.o
    0x08002fe0   0x08002fe0   0x00000164   Code   RO          526    i._ZN5Motor12tgt_positionEdt  main.o
    0x08003144   0x08003144   0x0000004c   Code   RO          520    i._ZN5Motor15constant_rorateEi  main.o
    0x08003190   0x08003190   0x00000038   Code   RO          532    i._ZN5Motor4initEhhhh  main.o
    0x080031c8   0x080031c8   0x0000017c   Code   RO          514    i._ZNK5Motor13displayStatusEii  main.o
    0x08003344   0x08003344   0x00000010   Code   RO         1199    i.__NVIC_GetPriorityGrouping  stm32f4xx_hal_cortex.o
    0x08003354   0x08003354   0x00000028   Code   RO         1200    i.__NVIC_SetPriority  stm32f4xx_hal_cortex.o
    0x0800337c   0x0800337c   0x0000000e   Code   RO         4393    i._is_digit         c_w.l(__printf_wp.o)
    0x0800338a   0x0800338a   0x00000004   Code   RO          922    i._sys_exit         usart.o
    0x0800338e   0x0800338e   0x00000002   PAD
    0x08003390   0x08003390   0x0000000c   Code   RO          799    i.delay_init        delay.o
    0x0800339c   0x0800339c   0x00000012   Code   RO          800    i.delay_ms          delay.o
    0x080033ae   0x080033ae   0x00000002   PAD
    0x080033b0   0x080033b0   0x00000048   Code   RO          801    i.delay_us          delay.o
    0x080033f8   0x080033f8   0x0000001c   Code   RO          924    i.fputc             usart.o
    0x08003414   0x08003414   0x000000c0   Code   RO         4015    i.key_init          key.o
    0x080034d4   0x080034d4   0x00000098   Code   RO         4016    i.key_scan          key.o
    0x0800356c   0x0800356c   0x00000034   Code   RO         3755    i.lcd_clear         lcd.o
    0x080035a0   0x080035a0   0x0000016c   Code   RO         3757    i.lcd_display_dir   lcd.o
    0x0800370c   0x0800370c   0x000000aa   Code   RO         3760    i.lcd_draw_circle   lcd.o
    0x080037b6   0x080037b6   0x000000ac   Code   RO         3762    i.lcd_draw_line     lcd.o
    0x08003862   0x08003862   0x00000002   PAD
    0x08003864   0x08003864   0x00000020   Code   RO         3763    i.lcd_draw_point    lcd.o
    0x08003884   0x08003884   0x0000004a   Code   RO         3764    i.lcd_draw_rectangle  lcd.o
    0x080038ce   0x080038ce   0x0000022c   Code   RO         3765    i.lcd_ex_ili9341_reginit  lcd.o
    0x08003afa   0x08003afa   0x00000340   Code   RO         3766    i.lcd_ex_ili9806_reginit  lcd.o
    0x08003e3a   0x08003e3a   0x00000ef2   Code   RO         3767    i.lcd_ex_nt35310_reginit  lcd.o
    0x08004d2c   0x08004d2c   0x00000efc   Code   RO         3768    i.lcd_ex_nt35510_reginit  lcd.o
    0x08005c28   0x08005c28   0x0000016e   Code   RO         3769    i.lcd_ex_ssd1963_reginit  lcd.o
    0x08005d96   0x08005d96   0x000001a8   Code   RO         3770    i.lcd_ex_st7789_reginit  lcd.o
    0x08005f3e   0x08005f3e   0x000001c6   Code   RO         3771    i.lcd_ex_st7796_reginit  lcd.o
    0x08006104   0x08006104   0x00000054   Code   RO         3772    i.lcd_fill          lcd.o
    0x08006158   0x08006158   0x0000050c   Code   RO         3774    i.lcd_init          lcd.o
    0x08006664   0x08006664   0x0000000c   Code   RO         3775    i.lcd_opt_delay     lcd.o
    0x08006670   0x08006670   0x00000016   Code   RO         3776    i.lcd_pow           lcd.o
    0x08006686   0x08006686   0x00000002   PAD
    0x08006688   0x08006688   0x00000018   Code   RO         3777    i.lcd_rd_data       lcd.o
    0x080066a0   0x080066a0   0x00000098   Code   RO         3778    i.lcd_read_point    lcd.o
    0x08006738   0x08006738   0x0000023c   Code   RO         3779    i.lcd_scan_dir      lcd.o
    0x08006974   0x08006974   0x00000120   Code   RO         3780    i.lcd_set_cursor    lcd.o
    0x08006a94   0x08006a94   0x00000140   Code   RO         3782    i.lcd_show_char     lcd.o
    0x08006bd4   0x08006bd4   0x00000098   Code   RO         3783    i.lcd_show_num      lcd.o
    0x08006c6c   0x08006c6c   0x0000006a   Code   RO         3784    i.lcd_show_string   lcd.o
    0x08006cd6   0x08006cd6   0x000000c6   Code   RO         3785    i.lcd_show_xnum     lcd.o
    0x08006d9c   0x08006d9c   0x00000060   Code   RO         3786    i.lcd_ssd_backlight_set  lcd.o
    0x08006dfc   0x08006dfc   0x00000018   Code   RO         3787    i.lcd_wr_data       lcd.o
    0x08006e14   0x08006e14   0x00000018   Code   RO         3788    i.lcd_wr_regno      lcd.o
    0x08006e2c   0x08006e2c   0x00000014   Code   RO         3789    i.lcd_write_ram_prepare  lcd.o
    0x08006e40   0x08006e40   0x00000010   Code   RO         3790    i.lcd_write_reg     lcd.o
    0x08006e50   0x08006e50   0x00000094   Code   RO         3727    i.led_init          led.o
    0x08006ee4   0x08006ee4   0x000002ec   Code   RO          449    i.main              main.o
    0x080071d0   0x080071d0   0x00000006   Code   RO         4098    i.read_addr         usmart.o
    0x080071d6   0x080071d6   0x00000002   PAD
    0x080071d8   0x080071d8   0x00000100   Code   RO         4050    i.rs485_init        rs485.o
    0x080072d8   0x080072d8   0x0000004c   Code   RO         4051    i.rs485_receive_data  rs485.o
    0x08007324   0x08007324   0x00000024   Code   RO         4052    i.rs485_send_data   rs485.o
    0x08007348   0x08007348   0x000000cc   Code   RO          851    i.sys_stm32_clock_init  sys.o
    0x08007414   0x08007414   0x00000038   Code   RO          925    i.usart_init        usart.o
    0x0800744c   0x0800744c   0x000000b0   Code   RO         4099    i.usmart_cmd_rec    usmart.o
    0x080074fc   0x080074fc   0x000002d4   Code   RO         4100    i.usmart_exe        usmart.o
    0x080077d0   0x080077d0   0x000000d4   Code   RO         4259    i.usmart_get_aparm  usmart_str.o
    0x080078a4   0x080078a4   0x00000036   Code   RO         4260    i.usmart_get_cmdname  usmart_str.o
    0x080078da   0x080078da   0x00000002   PAD
    0x080078dc   0x080078dc   0x000001c0   Code   RO         4261    i.usmart_get_fname  usmart_str.o
    0x08007a9c   0x08007a9c   0x0000010c   Code   RO         4262    i.usmart_get_fparam  usmart_str.o
    0x08007ba8   0x08007ba8   0x00000028   Code   RO         4177    i.usmart_get_input_string  usmart_port.o
    0x08007bd0   0x08007bd0   0x00000020   Code   RO         4263    i.usmart_get_parmpos  usmart_str.o
    0x08007bf0   0x08007bf0   0x00000028   Code   RO         4101    i.usmart_init       usmart.o
    0x08007c18   0x08007c18   0x00000016   Code   RO         4264    i.usmart_pow        usmart_str.o
    0x08007c2e   0x08007c2e   0x00000002   PAD
    0x08007c30   0x08007c30   0x000000a8   Code   RO         4102    i.usmart_scan       usmart.o
    0x08007cd8   0x08007cd8   0x00000016   Code   RO         4265    i.usmart_search_nextc  usmart_str.o
    0x08007cee   0x08007cee   0x00000106   Code   RO         4266    i.usmart_str2num    usmart_str.o
    0x08007df4   0x08007df4   0x00000022   Code   RO         4267    i.usmart_strcmp     usmart_str.o
    0x08007e16   0x08007e16   0x00000016   Code   RO         4268    i.usmart_strcopy    usmart_str.o
    0x08007e2c   0x08007e2c   0x00000018   Code   RO         4269    i.usmart_strlen     usmart_str.o
    0x08007e44   0x08007e44   0x000006f4   Code   RO         4103    i.usmart_sys_cmd_exe  usmart.o
    0x08008538   0x08008538   0x00000044   Code   RO         4178    i.usmart_timx_get_time  usmart_port.o
    0x0800857c   0x0800857c   0x00000064   Code   RO         4179    i.usmart_timx_init  usmart_port.o
    0x080085e0   0x080085e0   0x00000034   Code   RO         4180    i.usmart_timx_reset_time  usmart_port.o
    0x08008614   0x08008614   0x00000004   Code   RO         4104    i.write_addr        usmart.o
    0x08008618   0x08008618   0x00000018   Code   RO         4415    x$fpl$basic         fz_wm.l(basic.o)
    0x08008630   0x08008630   0x00000150   Code   RO         4417    x$fpl$dadd          fz_wm.l(daddsub_clz.o)
    0x08008780   0x08008780   0x00000018   Code   RO         4465    x$fpl$dcmpinf       fz_wm.l(dcmpi.o)
    0x08008798   0x08008798   0x000002b0   Code   RO         4424    x$fpl$ddiv          fz_wm.l(ddiv.o)
    0x08008a48   0x08008a48   0x0000005e   Code   RO         4427    x$fpl$dfix          fz_wm.l(dfix.o)
    0x08008aa6   0x08008aa6   0x00000002   PAD
    0x08008aa8   0x08008aa8   0x0000005a   Code   RO         4431    x$fpl$dfixu         fz_wm.l(dfixu.o)
    0x08008b02   0x08008b02   0x0000002e   Code   RO         4436    x$fpl$dflt          fz_wm.l(dflt_clz.o)
    0x08008b30   0x08008b30   0x00000026   Code   RO         4435    x$fpl$dfltu         fz_wm.l(dflt_clz.o)
    0x08008b56   0x08008b56   0x00000002   PAD
    0x08008b58   0x08008b58   0x00000078   Code   RO         4441    x$fpl$dleqf         fz_wm.l(dleqf.o)
    0x08008bd0   0x08008bd0   0x00000154   Code   RO         4443    x$fpl$dmul          fz_wm.l(dmul.o)
    0x08008d24   0x08008d24   0x0000009c   Code   RO         4467    x$fpl$dnaninf       fz_wm.l(dnaninf.o)
    0x08008dc0   0x08008dc0   0x0000000c   Code   RO         4469    x$fpl$dretinf       fz_wm.l(dretinf.o)
    0x08008dcc   0x08008dcc   0x000001d4   Code   RO         4419    x$fpl$dsub          fz_wm.l(daddsub_clz.o)
    0x08008fa0   0x08008fa0   0x0000000a   Code   RO         4578    x$fpl$fpinit        fz_wm.l(fpinit.o)
    0x08008faa   0x08008faa   0x00000000   Code   RO         4471    x$fpl$usenofp       fz_wm.l(usenofp.o)
    0x08008faa   0x08008faa   0x00000018   Data   RO          289    .constdata          system_stm32f4xx.o
    0x08008fc2   0x08008fc2   0x00002f80   Data   RO         3792    .constdata          lcd.o
    0x0800bf42   0x0800bf42   0x00000028   Data   RO         4366    .constdata          c_w.l(_printf_hex_int.o)
    0x0800bf6a   0x0800bf6a   0x00000011   Data   RO         4401    .constdata          c_w.l(__printf_flags_ss_wp.o)
    0x0800bf7b   0x0800bf7b   0x00000005   Data   RO          504    .constdata__ZZN5Motor15constant_rorateEiEs  main.o
    0x0800bf80   0x0800bf80   0x00000005   Data   RO          503    .constdata__ZZN5Motor4initEhhhhEs  main.o
    0x0800bf85   0x0800bf85   0x00000007   Data   RO          505    .constdata__ZZNK5Motor13displayStatusEiiEs  main.o
    0x0800bf8c   0x0800bf8c   0x00000005   Data   RO          506    .constdata__ZZNK5Motor13displayStatusEiiEs_0  main.o
    0x0800bf91   0x0800bf91   0x00000007   Data   RO          507    .constdata__ZZNK5Motor13displayStatusEiiEs_1  main.o
    0x0800bf98   0x0800bf98   0x00000004   Data   RO          508    .constdata__ZZNK5Motor13displayStatusEiiEs_2  main.o
    0x0800bf9c   0x0800bf9c   0x00000005   Data   RO          509    .constdata__ZZNK5Motor13displayStatusEiiEs_3  main.o
    0x0800bfa1   0x0800bfa1   0x00000009   Data   RO          510    .constdata__ZZNK5Motor13displayStatusEiiEs_4  main.o
    0x0800bfaa   0x0800bfaa   0x00000009   Data   RO          511    .constdata__ZZNK5Motor13displayStatusEiiEs_5  main.o
    0x0800bfb3   0x0800bfb3   0x00000008   Data   RO          512    .constdata__ZZNK5Motor13displayStatusEiiEs_6  main.o
    0x0800bfbb   0x0800bfbb   0x00000004   Data   RO          513    .constdata__ZZNK5Motor13displayStatusEiiEs_7  main.o
    0x0800bfbf   0x0800bfbf   0x00000001   PAD
    0x0800bfc0   0x0800bfc0   0x0000003d   Data   RO          457    .conststring        main.o
    0x0800bffd   0x0800bffd   0x00000003   PAD
    0x0800c000   0x0800c000   0x00000028   Data   RO         4105    .conststring        usmart.o
    0x0800c028   0x0800c028   0x0000040c   Data   RO         4227    .conststring        usmart_config.o
    0x0800c434   0x0800c434   0x00000020   Data   RO         4629    Region$$Table       anon$$obj.o


    Execution Region RW_IRAM1 (Exec base: 0x20000000, Load base: 0x0800c454, Size: 0x000009c0, Max: 0x00020000, ABSOLUTE, COMPRESSED[0x000000c4])

    Exec Addr    Load Addr    Size         Type   Attr      Idx    E Section Name        Object

    0x20000000   COMPRESSED   0x00000004   Data   RW          290    .data               system_stm32f4xx.o
    0x20000004   COMPRESSED   0x0000002c   Data   RW          458    .data               main.o
    0x20000030   COMPRESSED   0x00000004   Data   RW          802    .data               delay.o
    0x20000034   COMPRESSED   0x00000007   Data   RW          927    .data               usart.o
    0x2000003b   COMPRESSED   0x00000001   PAD
    0x2000003c   COMPRESSED   0x00000009   Data   RW         1022    .data               stm32f4xx_hal.o
    0x20000045   COMPRESSED   0x00000003   PAD
    0x20000048   COMPRESSED   0x00000008   Data   RW         3793    .data               lcd.o
    0x20000050   COMPRESSED   0x00000001   Data   RW         4017    .data               key.o
    0x20000051   COMPRESSED   0x00000001   Data   RW         4054    .data               rs485.o
    0x20000052   COMPRESSED   0x00000002   PAD
    0x20000054   COMPRESSED   0x0000001c   Data   RW         4106    .data               usmart.o
    0x20000070   COMPRESSED   0x00000174   Data   RW         4228    .data               usmart_config.o
    0x200001e4   COMPRESSED   0x00000004   PAD
    0x200001e8        -       0x0000013c   Zero   RW          456    .bss                main.o
    0x20000324        -       0x0000010c   Zero   RW          926    .bss                usart.o
    0x20000430        -       0x0000005e   Zero   RW         3791    .bss                lcd.o
    0x2000048e   COMPRESSED   0x00000002   PAD
    0x20000490        -       0x00000084   Zero   RW         4053    .bss                rs485.o
    0x20000514        -       0x00000048   Zero   RW         4181    .bss                usmart_port.o
    0x2000055c        -       0x00000060   Zero   RW         4510    .bss                c_w.l(libspace.o)
    0x200005bc   COMPRESSED   0x00000004   PAD
    0x200005c0        -       0x00000000   Zero   RW            2    HEAP                startup_stm32f407xx.o
    0x200005c0        -       0x00000400   Zero   RW            1    STACK               startup_stm32f407xx.o


==============================================================================

Image component sizes


      Code (inc. data)   RO Data    RW Data    ZI Data      Debug   Object Name

       114         10          0          4          0       2619   delay.o
       448         18          0          0          0       3123   emm.o
       344         16          0          1          0       1802   key.o
     14724        186      12160          8         94      32297   lcd.o
       148         10          0          0          0        991   led.o
      4260        526        129         44        316      17142   main.o
       440         46          0          1        132       3492   rs485.o
        76         28        392          0       1024       1012   startup_stm32f407xx.o
       174         34          0          9          0      10090   stm32f4xx_hal.o
       304         22          0          0          0      34711   stm32f4xx_hal_cortex.o
       210          0          0          0          0       2059   stm32f4xx_hal_dma.o
       564         46          0          0          0       3600   stm32f4xx_hal_gpio.o
      1820         84          0          0          0       5852   stm32f4xx_hal_rcc.o
        88          0          0          0          0       1276   stm32f4xx_hal_sram.o
       488         76          0          0          0       3420   stm32f4xx_hal_tim.o
      2334         16          0          0          0      13387   stm32f4xx_hal_uart.o
        32          0          0          0          0     706018   stm32f4xx_it.o
       232         10          0          0          0       2855   stm32f4xx_ll_fsmc.o
       204         12          0          0          0       1407   sys.o
        20          6         24          4          0       1435   system_stm32f4xx.o
       460         58          0          7        268       5865   usart.o
      2898       1308         40         28          0       6230   usmart.o
         0          0       1036        372          0       1640   usmart_config.o
       328         50          0          0         72       3674   usmart_port.o
      1400         20          0          0          0       9733   usmart_str.o

    ----------------------------------------------------------------------
     32138       2582      13817        484       1912     875730   Object Totals
         0          0         32          0          0          0   (incl. Generated)
        28          0          4          6          6          0   (incl. Padding)

    ----------------------------------------------------------------------

      Code (inc. data)   RO Data    RW Data    ZI Data      Debug   Library Member Name

        90          0          0          0          0          0   __dczerorl2.o
         8          0          0          0          0         68   __main.o
       392          4         17          0          0         92   __printf_flags_ss_wp.o
        14          0          0          0          0         68   __printf_wp.o
         0          0          0          0          0          0   __rtentry.o
        12          0          0          0          0          0   __rtentry2.o
         6          0          0          0          0          0   __rtentry4.o
        52          8          0          0          0          0   __scatter.o
        28          0          0          0          0          0   __scatter_zi.o
         6          0          0          0          0          0   _printf_c.o
        44          0          0          0          0        108   _printf_char.o
        48          6          0          0          0         96   _printf_char_common.o
        36          4          0          0          0         80   _printf_char_file.o
         6          0          0          0          0          0   _printf_d.o
       120         16          0          0          0         92   _printf_dec.o
        88          4         40          0          0         88   _printf_hex_int.o
       178          0          0          0          0         88   _printf_intcommon.o
        78          0          0          0          0        108   _printf_pad.o
         0          0          0          0          0          0   _printf_percent.o
         4          0          0          0          0          0   _printf_percent_end.o
         6          0          0          0          0          0   _printf_s.o
        82          0          0          0          0         80   _printf_str.o
         6          0          0          0          0          0   _printf_u.o
         6          0          0          0          0          0   _printf_x.o
        16          0          0          0          0         68   _snputc.o
        10          0          0          0          0         68   _sputc.o
        18          0          0          0          0         80   exit.o
         8          0          0          0          0         68   ferror.o
         6          0          0          0          0        152   heapauxi.o
         2          0          0          0          0          0   libinit.o
         6          0          0          0          0          0   libinit2.o
         2          0          0          0          0          0   libshutdown.o
         2          0          0          0          0          0   libshutdown2.o
         8          4          0          0         96         68   libspace.o
       238          0          0          0          0        100   lludivv7m.o
        24          4          0          0          0         84   noretval__2printf.o
        52          4          0          0          0         84   noretval__2snprintf.o
         2          0          0          0          0          0   rtexit.o
        10          0          0          0          0          0   rtexit2.o
        74          0          0          0          0         80   sys_stackheap_outer.o
         2          0          0          0          0         68   use_no_semi.o
         2          0          0          0          0         68   use_no_semi_2.o
        24          0          0          0          0        164   basic.o
       804         16          0          0          0        368   daddsub_clz.o
        24          0          0          0          0        116   dcmpi.o
       688        140          0          0          0        256   ddiv.o
        94          4          0          0          0        140   dfix.o
        90          4          0          0          0        140   dfixu.o
        84          0          0          0          0        232   dflt_clz.o
       120          4          0          0          0        140   dleqf.o
       340         12          0          0          0        152   dmul.o
       156          4          0          0          0        140   dnaninf.o
        12          0          0          0          0        116   dretinf.o
        10          0          0          0          0        116   fpinit.o
         0          0          0          0          0          0   usenofp.o

    ----------------------------------------------------------------------
      4248        238         57          0        100       4036   Library Totals
        10          0          0          0          4          0   (incl. Padding)

    ----------------------------------------------------------------------

      Code (inc. data)   RO Data    RW Data    ZI Data      Debug   Library Name

      1792         54         57          0         96       1956   c_w.l
      2446        184          0          0          0       2080   fz_wm.l

    ----------------------------------------------------------------------
      4248        238         57          0        100       4036   Library Totals

    ----------------------------------------------------------------------

==============================================================================


      Code (inc. data)   RO Data    RW Data    ZI Data      Debug   

     36386       2820      13874        484       2012     863978   Grand Totals
     36386       2820      13874        196       2012     863978   ELF Image Totals (compressed)
     36386       2820      13874        196          0          0   ROM Totals

==============================================================================

    Total RO  Size (Code + RO Data)                50260 (  49.08kB)
    Total RW  Size (RW Data + ZI Data)              2496 (   2.44kB)
    Total ROM Size (Code + RO Data + RW Data)      50456 (  49.27kB)

==============================================================================

